Component: ARM Compiler 5.05 update 1 (build 106) Tool: armlink [4d0efa]

==============================================================================

Section Cross References

    main.o(i.LED_Config) refers to stm32f10x_rcc.o(i.RCC_APB2PeriphClockCmd) for RCC_APB2PeriphClockCmd
    main.o(i.LED_Config) refers to stm32f10x_gpio.o(i.GPIO_Init) for GPIO_Init
    main.o(i.LED_Config) refers to stm32f10x_gpio.o(i.GPIO_SetBits) for GPIO_SetBits
    main.o(i.main) refers to system_stm32f10x.o(i.SystemInit) for SystemInit
    main.o(i.main) refers to usart.o(i.USART2_Config) for USART2_Config
    main.o(i.main) refers to main.o(i.LED_Config) for LED_Config
    main.o(i.main) refers to drv_spi.o(i.SPI1_Init) for SPI1_Init
    main.o(i.main) refers to inv_mpu.o(i.mpu_dmp_init) for mpu_dmp_init
    main.o(i.main) refers to stm32f10x_gpio.o(i.GPIO_SetBits) for GPIO_SetBits
    main.o(i.main) refers to stm32f10x_gpio.o(i.GPIO_ResetBits) for GPIO_ResetBits
    main.o(i.main) refers to inv_mpu.o(i.dmp_get_angle) for dmp_get_angle
    main.o(i.main) refers to main.o(.data) for Yaw
    delay.o(i.delay_ms) refers to delay.o(i.delay_us) for delay_us
    usart.o(i.Print) refers to usart.o(i.UsartSend) for UsartSend
    usart.o(i.PrintChar) refers to usart.o(i.UsartSend) for UsartSend
    usart.o(i.PrintHexInt16) refers to usart.o(i.UsartSend) for UsartSend
    usart.o(i.PrintInt) refers to usart.o(i.UsartSend) for UsartSend
    usart.o(i.USART2_Config) refers to stm32f10x_rcc.o(i.RCC_APB2PeriphClockCmd) for RCC_APB2PeriphClockCmd
    usart.o(i.USART2_Config) refers to stm32f10x_rcc.o(i.RCC_APB1PeriphClockCmd) for RCC_APB1PeriphClockCmd
    usart.o(i.USART2_Config) refers to stm32f10x_gpio.o(i.GPIO_Init) for GPIO_Init
    usart.o(i.USART2_Config) refers to stm32f10x_usart.o(i.USART_Init) for USART_Init
    usart.o(i.USART2_Config) refers to stm32f10x_usart.o(i.USART_ITConfig) for USART_ITConfig
    usart.o(i.USART2_Config) refers to stm32f10x_usart.o(i.USART_Cmd) for USART_Cmd
    usart.o(i.USART2_Config) refers to stm32f10x_usart.o(i.USART_ClearFlag) for USART_ClearFlag
    usart.o(i.UsartSend) refers to stm32f10x_usart.o(i.USART_SendData) for USART_SendData
    usart.o(i.UsartSend) refers to stm32f10x_usart.o(i.USART_GetFlagStatus) for USART_GetFlagStatus
    usart.o(i.usart_INIT) refers to misc.o(i.NVIC_PriorityGroupConfig) for NVIC_PriorityGroupConfig
    usart.o(i.usart_INIT) refers to misc.o(i.NVIC_Init) for NVIC_Init
    stm32_iic.o(i.I2C_Ack) refers to stm32_iic.o(i.I2C_delay) for I2C_delay
    stm32_iic.o(i.I2C_NoAck) refers to stm32_iic.o(i.I2C_delay) for I2C_delay
    stm32_iic.o(i.I2C_ReceiveByte) refers to stm32_iic.o(i.I2C_delay) for I2C_delay
    stm32_iic.o(i.I2C_SendByte) refers to stm32_iic.o(i.I2C_delay) for I2C_delay
    stm32_iic.o(i.I2C_Start) refers to stm32_iic.o(i.I2C_delay) for I2C_delay
    stm32_iic.o(i.I2C_Stop) refers to stm32_iic.o(i.I2C_delay) for I2C_delay
    stm32_iic.o(i.I2C_WaitAck) refers to stm32_iic.o(i.I2C_delay) for I2C_delay
    stm32_iic.o(i.i2cInit) refers to stm32f10x_rcc.o(i.RCC_APB2PeriphClockCmd) for RCC_APB2PeriphClockCmd
    stm32_iic.o(i.i2cInit) refers to stm32f10x_gpio.o(i.GPIO_Init) for GPIO_Init
    stm32_iic.o(i.i2cRead) refers to stm32_iic.o(i.I2C_Start) for I2C_Start
    stm32_iic.o(i.i2cRead) refers to stm32_iic.o(i.I2C_SendByte) for I2C_SendByte
    stm32_iic.o(i.i2cRead) refers to stm32_iic.o(i.I2C_WaitAck) for I2C_WaitAck
    stm32_iic.o(i.i2cRead) refers to stm32_iic.o(i.I2C_Stop) for I2C_Stop
    stm32_iic.o(i.i2cRead) refers to stm32_iic.o(i.I2C_ReceiveByte) for I2C_ReceiveByte
    stm32_iic.o(i.i2cRead) refers to stm32_iic.o(i.I2C_NoAck) for I2C_NoAck
    stm32_iic.o(i.i2cRead) refers to stm32_iic.o(i.I2C_Ack) for I2C_Ack
    stm32_iic.o(i.i2cWrite) refers to stm32_iic.o(i.I2C_Start) for I2C_Start
    stm32_iic.o(i.i2cWrite) refers to stm32_iic.o(i.I2C_SendByte) for I2C_SendByte
    stm32_iic.o(i.i2cWrite) refers to stm32_iic.o(i.I2C_WaitAck) for I2C_WaitAck
    stm32_iic.o(i.i2cWrite) refers to stm32_iic.o(i.I2C_Stop) for I2C_Stop
    stm32_iic.o(i.i2cWriteBuffer) refers to stm32_iic.o(i.I2C_Start) for I2C_Start
    stm32_iic.o(i.i2cWriteBuffer) refers to stm32_iic.o(i.I2C_SendByte) for I2C_SendByte
    stm32_iic.o(i.i2cWriteBuffer) refers to stm32_iic.o(i.I2C_WaitAck) for I2C_WaitAck
    stm32_iic.o(i.i2cWriteBuffer) refers to stm32_iic.o(i.I2C_Stop) for I2C_Stop
    stm32_iic.o(i.i2cread) refers to stm32_iic.o(i.i2cRead) for i2cRead
    stm32_iic.o(i.i2cwrite) refers to stm32_iic.o(i.i2cWriteBuffer) for i2cWriteBuffer
    drv_spi.o(i.MPU6500_Read_MultiBytes) refers to stm32f10x_gpio.o(i.GPIO_ResetBits) for GPIO_ResetBits
    drv_spi.o(i.MPU6500_Read_MultiBytes) refers to drv_spi.o(i.SPI1_Read_Write_Byte) for SPI1_Read_Write_Byte
    drv_spi.o(i.MPU6500_Read_MultiBytes) refers to stm32f10x_gpio.o(i.GPIO_SetBits) for GPIO_SetBits
    drv_spi.o(i.MPU6500_Write_MultiBytes) refers to stm32f10x_gpio.o(i.GPIO_ResetBits) for GPIO_ResetBits
[...]
    ../clib/signal.c                         0x00000000   Number         0  defsig_pvfn_inner.o ABSOLUTE
    ../clib/signal.c                         0x00000000   Number         0  defsig_cppl_inner.o ABSOLUTE
    ../clib/signal.c                         0x00000000   Number         0  defsig_segv_inner.o ABSOLUTE
    ../clib/signal.c                         0x00000000   Number         0  defsig_other.o ABSOLUTE
    ../clib/signal.s                         0x00000000   Number         0  defsig.o ABSOLUTE
    ../clib/stdlib.c                         0x00000000   Number         0  exit.o ABSOLUTE
    ../clib/string.c                         0x00000000   Number         0  memcmp.o ABSOLUTE
    ../fplib/d2f.s                           0x00000000   Number         0  d2f.o ABSOLUTE
    ../fplib/daddsub.s                       0x00000000   Number         0  daddsub_clz.o ABSOLUTE
    ../fplib/dcheck1.s                       0x00000000   Number         0  dcheck1.o ABSOLUTE
    ../fplib/dcmpi.s                         0x00000000   Number         0  dcmpi.o ABSOLUTE
    ../fplib/ddiv.s                          0x00000000   Number         0  ddiv.o ABSOLUTE
    ../fplib/dleqf.s                         0x00000000   Number         0  dleqf.o ABSOLUTE
    ../fplib/dmul.s                          0x00000000   Number         0  dmul.o ABSOLUTE
    ../fplib/dnaninf.s                       0x00000000   Number         0  dnaninf.o ABSOLUTE
    ../fplib/dretinf.s                       0x00000000   Number         0  dretinf.o ABSOLUTE
    ../fplib/dsqrt.s                         0x00000000   Number         0  dsqrt_noumaal.o ABSOLUTE
    ../fplib/f2d.s                           0x00000000   Number         0  f2d.o ABSOLUTE
    ../fplib/faddsub.s                       0x00000000   Number         0  faddsub_clz.o ABSOLUTE
    ../fplib/fdiv.s                          0x00000000   Number         0  fdiv.o ABSOLUTE
    ../fplib/ffix.s                          0x00000000   Number         0  ffix.o ABSOLUTE
    ../fplib/ffixu.s                         0x00000000   Number         0  ffixu.o ABSOLUTE
    ../fplib/fflt.s                          0x00000000   Number         0  fflt_clz.o ABSOLUTE
    ../fplib/fmul.s                          0x00000000   Number         0  fmul.o ABSOLUTE
    ../fplib/fnaninf.s                       0x00000000   Number         0  fnaninf.o ABSOLUTE
    ../fplib/fpinit.s                        0x00000000   Number         0  fpinit.o ABSOLUTE
    ../fplib/fretinf.s                       0x00000000   Number         0  fretinf.o ABSOLUTE
    ../fplib/retnan.s                        0x00000000   Number         0  retnan.o ABSOLUTE
    ../fplib/scalbn.s                        0x00000000   Number         0  scalbn.o ABSOLUTE
    ../fplib/trapv.s                         0x00000000   Number         0  trapv.o ABSOLUTE
    ../fplib/usenofp.s                       0x00000000   Number         0  usenofp.o ABSOLUTE
    ../mathlib/asin.c                        0x00000000   Number         0  asin_x.o ABSOLUTE
    ../mathlib/asin.c                        0x00000000   Number         0  asin.o ABSOLUTE
    ../mathlib/atan.c                        0x00000000   Number         0  atan.o ABSOLUTE
    ../mathlib/atan.c                        0x00000000   Number         0  atan_x.o ABSOLUTE
    ../mathlib/atan2.c                       0x00000000   Number         0  atan2.o ABSOLUTE
    ../mathlib/atan2.c                       0x00000000   Number         0  atan2_x.o ABSOLUTE
    ../mathlib/dunder.c                      0x00000000   Number         0  dunder.o ABSOLUTE
    ../mathlib/fpclassify.c                  0x00000000   Number         0  fpclassify.o ABSOLUTE
    ../mathlib/poly.c                        0x00000000   Number         0  poly.o ABSOLUTE
    ../mathlib/qnan.c                        0x00000000   Number         0  qnan.o ABSOLUTE
    ../mathlib/sqrt.c                        0x00000000   Number         0  sqrt.o ABSOLUTE
    ../mathlib/sqrt.c                        0x00000000   Number         0  sqrt_x.o ABSOLUTE
    ..\CMSIS\core_cm3.c                      0x00000000   Number         0  core_cm3.o ABSOLUTE
    ..\CMSIS\startup\startup_stm32f10x_hd.s  0x00000000   Number         0  startup_stm32f10x_hd.o ABSOLUTE
    ..\CMSIS\system_stm32f10x.c              0x00000000   Number         0  system_stm32f10x.o ABSOLUTE
    ..\Lib\src\misc.c                        0x00000000   Number         0  misc.o ABSOLUTE
    ..\Lib\src\stm32f10x_exti.c              0x00000000   Number         0  stm32f10x_exti.o ABSOLUTE
    ..\Lib\src\stm32f10x_flash.c             0x00000000   Number         0  stm32f10x_flash.o ABSOLUTE
    ..\Lib\src\stm32f10x_gpio.c              0x00000000   Number         0  stm32f10x_gpio.o ABSOLUTE
    ..\Lib\src\stm32f10x_rcc.c               0x00000000   Number         0  stm32f10x_rcc.o ABSOLUTE
    ..\Lib\src\stm32f10x_spi.c               0x00000000   Number         0  stm32f10x_spi.o ABSOLUTE
    ..\Lib\src\stm32f10x_tim.c               0x00000000   Number         0  stm32f10x_tim.o ABSOLUTE
    ..\Lib\src\stm32f10x_usart.c             0x00000000   Number         0  stm32f10x_usart.o ABSOLUTE
    ..\User\Time.c                           0x00000000   Number         0  time.o ABSOLUTE
    ..\User\delay.c                          0x00000000   Number         0  delay.o ABSOLUTE
    ..\User\drv_spi.c                        0x00000000   Number         0  drv_spi.o ABSOLUTE
    ..\User\eMPL\inv_mpu.c                   0x00000000   Number         0  inv_mpu.o ABSOLUTE
    ..\User\eMPL\inv_mpu_dmp_motion_driver.c 0x00000000   Number         0  inv_mpu_dmp_motion_driver.o ABSOLUTE
    ..\User\main.c                           0x00000000   Number         0  main.o ABSOLUTE
    ..\User\stm32_iic.c                      0x00000000   Number         0  stm32_iic.o ABSOLUTE
    ..\User\stm32f10x_it.c                   0x00000000   Number         0  stm32f10x_it.o ABSOLUTE
    ..\User\usart.c                          0x00000000   Number         0  usart.o ABSOLUTE
    ..\\CMSIS\\core_cm3.c                    0x00000000   Number         0  core_cm3.o ABSOLUTE
    dc.s                                     0x00000000   Number         0  dc.o ABSOLUTE
    RESET                                    0x08000000   Section      304  startup_stm32f10x_hd.o(RESET)
    !!!main                                  0x08000130   Section        8  __main.o(!!!main)
    !!!scatter                               0x08000138   Section       52  __scatter.o(!!!scatter)
    !!handler_copy                           0x0800016c   Section       26  __scatter_copy.o(!!handler_copy)
    !!handler_zi                             0x08000188   Section       28  __scatter_zi.o(!!handler_zi)
    .ARM.Collect$$libinit$$00000000          0x080001a4   Section        2  libinit.o(.ARM.Collect$$libinit$$00000000)
    .ARM.Collect$$libinit$$00000002          0x080001a6   Section        0  libinit2.o(.ARM.Collect$$libinit$$00000002)
    .ARM.Collect$$libinit$$00000004          0x080001a6   Section        0  libinit2.o(.ARM.Collect$$libinit$$00000004)
    .ARM.Collect$$libinit$$0000000A          0x080001a6   Section        0  libinit2.o(.ARM.Collect$$libinit$$0000000A)
    .ARM.Collect$$libinit$$0000000C          0x080001a6   Section        0  libinit2.o(.ARM.Collect$$libinit$$0000000C)
    .ARM.Collect$$libinit$$0000000E          0x080001a6   Section        0  libinit2.o(.ARM.Collect$$libinit$$0000000E)
    .ARM.Collect$$libinit$$00000011          0x080001a6   Section        0  libinit2.o(.ARM.Collect$$libinit$$00000011)
    .ARM.Collect$$libinit$$00000013          0x080001a6   Section        0  libinit2.o(.ARM.Collect$$libinit$$00000013)
    .ARM.Collect$$libinit$$00000015          0x080001a6   Section        0  libinit2.o(.ARM.Collect$$libinit$$00000015)
    .ARM.Collect$$libinit$$00000017          0x080001a6   Section        0  libinit2.o(.ARM.Collect$$libinit$$00000017)
    .ARM.Collect$$libinit$$00000019          0x080001a6   Section        0  libinit2.o(.ARM.Collect$$libinit$$00000019)
    .ARM.Collect$$libinit$$0000001B          0x080001a6   Section        0  libinit2.o(.ARM.Collect$$libinit$$0000001B)
    .ARM.Collect$$libinit$$0000001D          0x080001a6   Section        0  libinit2.o(.ARM.Collect$$libinit$$0000001D)
    .ARM.Collect$$libinit$$0000001F          0x080001a6   Section        0  libinit2.o(.ARM.Collect$$libinit$$0000001F)
    .ARM.Collect$$libinit$$00000021          0x080001a6   Section        0  libinit2.o(.ARM.Collect$$libinit$$00000021)
    .ARM.Collect$$libinit$$00000023          0x080001a6   Section        0  libinit2.o(.ARM.Collect$$libinit$$00000023)
    .ARM.Collect$$libinit$$00000025          0x080001a6   Section        0  libinit2.o(.ARM.Collect$$libinit$$00000025)
    .ARM.Collect$$libinit$$0000002C          0x080001a6   Section        0  libinit2.o(.ARM.Collect$$libinit$$0000002C)
    .ARM.Collect$$libinit$$0000002E          0x080001a6   Section        0  libinit2.o(.ARM.Collect$$libinit$$0000002E)
    .ARM.Collect$$libinit$$00000030          0x080001a6   Section        0  libinit2.o(.ARM.Collect$$libinit$$00000030)
    .ARM.Collect$$libinit$$00000032          0x080001a6   Section        0  libinit2.o(.ARM.Collect$$libinit$$00000032)
    .ARM.Collect$$libinit$$00000033          0x080001a6   Section        2  libinit2.o(.ARM.Collect$$libinit$$00000033)
    .ARM.Collect$$libshutdown$$00000000      0x080001a8   Section        2  libshutdown.o(.ARM.Collect$$libshutdown$$00000000)
    .ARM.Collect$$libshutdown$$00000003      0x080001aa   Section        0  libshutdown2.o(.ARM.Collect$$libshutdown$$00000003)
    .ARM.Collect$$libshutdown$$00000006      0x080001aa   Section        0  libshutdown2.o(.ARM.Collect$$libshutdown$$00000006)
    .ARM.Collect$$libshutdown$$00000009      0x080001aa   Section        0  libshutdown2.o(.ARM.Collect$$libshutdown$$00000009)
    .ARM.Collect$$libshutdown$$0000000B      0x080001aa   Section        0  libshutdown2.o(.ARM.Collect$$libshutdown$$0000000B)
    .ARM.Collect$$libshutdown$$0000000E      0x080001aa   Section        0  libshutdown2.o(.ARM.Collect$$libshutdown$$0000000E)
    .ARM.Collect$$libshutdown$$0000000F      0x080001aa   Section        2  libshutdown2.o(.ARM.Collect$$libshutdown$$0000000F)
    .ARM.Collect$$rtentry$$00000000          0x080001ac   Section        0  __rtentry.o(.ARM.Collect$$rtentry$$00000000)
    .ARM.Collect$$rtentry$$00000002          0x080001ac   Section        0  __rtentry2.o(.ARM.Collect$$rtentry$$00000002)
    .ARM.Collect$$rtentry$$00000004          0x080001ac   Section        6  __rtentry4.o(.ARM.Collect$$rtentry$$00000004)
    .ARM.Collect$$rtentry$$00000009          0x080001b2   Section        0  __rtentry2.o(.ARM.Collect$$rtentry$$00000009)
    .ARM.Collect$$rtentry$$0000000A          0x080001b2   Section        4  __rtentry2.o(.ARM.Collect$$rtentry$$0000000A)
    .ARM.Collect$$rtentry$$0000000C          0x080001b6   Section        0  __rtentry2.o(.ARM.Collect$$rtentry$$0000000C)
    .ARM.Collect$$rtentry$$0000000D          0x080001b6   Section        8  __rtentry2.o(.ARM.Collect$$rtentry$$0000000D)
    .ARM.Collect$$rtexit$$00000000           0x080001be   Section        2  rtexit.o(.ARM.Collect$$rtexit$$00000000)
    .ARM.Collect$$rtexit$$00000002           0x080001c0   Section        0  rtexit2.o(.ARM.Collect$$rtexit$$00000002)
    .ARM.Collect$$rtexit$$00000003           0x080001c0   Section        4  rtexit2.o(.ARM.Collect$$rtexit$$00000003)
    .ARM.Collect$$rtexit$$00000004           0x080001c4   Section        6  rtexit2.o(.ARM.Collect$$rtexit$$00000004)
    .text                                    0x080001cc   Section       64  startup_stm32f10x_hd.o(.text)
    .text                                    0x0800020c   Section       72  llsdiv.o(.text)
    .text                                    0x08000254   Section        0  memcmp.o(.text)
    .text                                    0x080002ac   Section       16  aeabi_memset.o(.text)
    .text                                    0x080002bc   Section        0  heapauxi.o(.text)
    .text                                    0x080002c2   Section      238  lludivv7m.o(.text)
    .text                                    0x080003b0   Section        0  _rserrno.o(.text)
    .text                                    0x080003c6   Section       68  rt_memclr.o(.text)
    .text                                    0x0800040c   Section        8  rt_errno_addr_intlibspace.o(.text)
    .text                                    0x08000414   Section       78  rt_memclr_w.o(.text)
    .text                                    0x08000464   Section        8  libspace.o(.text)
    .text                                    0x0800046c   Section       74  sys_stackheap_outer.o(.text)
    .text                                    0x080004b6   Section        0  exit.o(.text)
    .text                                    0x080004c4   Section        0  sys_exit.o(.text)
    .text                                    0x080004d0   Section        2  use_no_semi.o(.text)
    .text                                    0x080004d2   Section        0  indicate_semi.o(.text)
    i.BusFault_Handler                       0x080004d2   Section        0  stm32f10x_it.o(i.BusFault_Handler)
    i.DebugMon_Handler                       0x080004d6   Section        0  stm32f10x_it.o(i.DebugMon_Handler)
    i.GPIO_Init                              0x080004d8   Section        0  stm32f10x_gpio.o(i.GPIO_Init)
    i.GPIO_ResetBits                         0x080005ee   Section        0  stm32f10x_gpio.o(i.GPIO_ResetBits)
    i.GPIO_SetBits                           0x080005f2   Section        0  stm32f10x_gpio.o(i.GPIO_SetBits)
    i.HardFault_Handler                      0x080005f6   Section        0  stm32f10x_it.o(i.HardFault_Handler)
    i.LED_Config                             0x080005fc   Section        0  main.o(i.LED_Config)
    i.MPU6500_Read_MultiBytes                0x08000634   Section        0  drv_spi.o(i.MPU6500_Read_MultiBytes)
    i.MPU6500_Write_MultiBytes               0x08000678   Section        0  drv_spi.o(i.MPU6500_Write_MultiBytes)
    i.MemManage_Handler                      0x080006b8   Section        0  stm32f10x_it.o(i.MemManage_Handler)
    i.NMI_Handler                            0x080006bc   Section        0  stm32f10x_it.o(i.NMI_Handler)
    i.PendSV_Handler                         0x080006be   Section        0  stm32f10x_it.o(i.PendSV_Handler)
    i.PrintChar                              0x080006c0   Section        0  usart.o(i.PrintChar)
    i.RCC_APB1PeriphClockCmd                 0x080006d8   Section        0  stm32f10x_rcc.o(i.RCC_APB1PeriphClockCmd)
    i.RCC_APB2PeriphClockCmd                 0x080006f8   Section        0  stm32f10x_rcc.o(i.RCC_APB2PeriphClockCmd)
    i.RCC_GetClocksFreq                      0x08000718   Section        0  stm32f10x_rcc.o(i.RCC_GetClocksFreq)
    i.SPI1_Init                              0x080007ec   Section        0  drv_spi.o(i.SPI1_Init)
    i.SPI1_Read_Write_Byte                   0x08000894   Section        0  drv_spi.o(i.SPI1_Read_Write_Byte)
    i.SPI_Cmd                                0x080008e8   Section        0  stm32f10x_spi.o(i.SPI_Cmd)
    i.SPI_I2S_GetFlagStatus                  0x08000900   Section        0  stm32f10x_spi.o(i.SPI_I2S_GetFlagStatus)
    i.SPI_I2S_ReceiveData                    0x08000912   Section        0  stm32f10x_spi.o(i.SPI_I2S_ReceiveData)
    i.SPI_I2S_SendData                       0x08000918   Section        0  stm32f10x_spi.o(i.SPI_I2S_SendData)
    i.SPI_Init                               0x0800091c   Section        0  stm32f10x_spi.o(i.SPI_Init)
    i.SVC_Handler                            0x08000958   Section        0  stm32f10x_it.o(i.SVC_Handler)
    i.SetSysClock                            0x0800095a   Section        0  system_stm32f10x.o(i.SetSysClock)
    SetSysClock                              0x0800095b   Thumb Code     8  system_stm32f10x.o(i.SetSysClock)
    i.SetSysClockTo72                        0x08000964   Section        0  system_stm32f10x.o(i.SetSysClockTo72)
    SetSysClockTo72                          0x08000965   Thumb Code   214  system_stm32f10x.o(i.SetSysClockTo72)
    i.SysTick_Handler                        0x08000a44   Section        0  stm32f10x_it.o(i.SysTick_Handler)
    i.SystemInit                             0x08000a48   Section        0  system_stm32f10x.o(i.SystemInit)
    i.USART2_Config                          0x08000aa8   Section        0  usart.o(i.USART2_Config)
    i.USART_ClearFlag                        0x08000b40   Section        0  stm32f10x_usart.o(i.USART_ClearFlag)
    i.USART_Cmd                              0x08000b52   Section        0  stm32f10x_usart.o(i.USART_Cmd)
    i.USART_GetFlagStatus                    0x08000b6a   Section        0  stm32f10x_usart.o(i.USART_GetFlagStatus)
    i.USART_ITConfig                         0x08000b84   Section        0  stm32f10x_usart.o(i.USART_ITConfig)
    i.USART_Init                             0x08000bd0   Section        0  stm32f10x_usart.o(i.USART_Init)
    i.USART_SendData                         0x08000ca8   Section        0  stm32f10x_usart.o(i.USART_SendData)
    i.UsageFault_Handler                     0x08000cb0   Section        0  stm32f10x_it.o(i.UsageFault_Handler)
    i.UsartSend                              0x08000cb4   Section        0  usart.o(i.UsartSend)
    i.__ARM_fpclassify                       0x08000cd4   Section        0  fpclassify.o(i.__ARM_fpclassify)
    i.__kernel_poly                          0x08000cfc   Section        0  poly.o(i.__kernel_poly)
    i.__mathlib_dbl_infnan                   0x08000da6   Section        0  dunder.o(i.__mathlib_dbl_infnan)
    i.__mathlib_dbl_infnan2                  0x08000dac   Section        0  dunder.o(i.__mathlib_dbl_infnan2)
    i.__mathlib_dbl_invalid                  0x08000db0   Section        0  dunder.o(i.__mathlib_dbl_invalid)
    i.__mathlib_dbl_underflow                0x08000dbc   Section        0  dunder.o(i.__mathlib_dbl_underflow)
    i.asin                                   0x08000dcc   Section        0  asin.o(i.asin)
    i.atan                                   0x0800103c   Section        0  atan.o(i.atan)
    i.atan2                                  0x0800125c   Section        0  atan2.o(i.atan2)
    i.decode_gesture                         0x080013dc   Section        0  inv_mpu_dmp_motion_driver.o(i.decode_gesture)
    decode_gesture                           0x080013dd   Thumb Code    94  inv_mpu_dmp_motion_driver.o(i.decode_gesture)
    i.delay_ms                               0x08001440   Section        0  delay.o(i.delay_ms)
    i.delay_us                               0x08001458   Section        0  delay.o(i.delay_us)
    i.dmp_enable_6x_lp_quat                  0x08001472   Section        0  inv_mpu_dmp_motion_driver.o(i.dmp_enable_6x_lp_quat)
    i.dmp_enable_feature                     0x080014b0   Section        0  inv_mpu_dmp_motion_driver.o(i.dmp_enable_feature)
    i.dmp_enable_gyro_cal                    0x080016cc   Section        0  inv_mpu_dmp_motion_driver.o(i.dmp_enable_gyro_cal)
    i.dmp_enable_lp_quat                     0x08001724   Section        0  inv_mpu_dmp_motion_driver.o(i.dmp_enable_lp_quat)
    i.dmp_get_angle                          0x08001760   Section        0  inv_mpu.o(i.dmp_get_angle)
    i.dmp_load_motion_driver_firmware        0x080019d0   Section        0  inv_mpu_dmp_motion_driver.o(i.dmp_load_motion_driver_firmware)
    i.dmp_read_fifo                          0x080019e8   Section        0  inv_mpu_dmp_motion_driver.o(i.dmp_read_fifo)
    i.dmp_set_accel_bias                     0x08001bb4   Section        0  inv_mpu_dmp_motion_driver.o(i.dmp_set_accel_bias)
    i.dmp_set_fifo_rate                      0x08001ce4   Section        0  inv_mpu_dmp_motion_driver.o(i.dmp_set_fifo_rate)
    i.dmp_set_gyro_bias                      0x08001d54   Section        0  inv_mpu_dmp_motion_driver.o(i.dmp_set_gyro_bias)
    i.dmp_set_orientation                    0x08001e84   Section        0  inv_mpu_dmp_motion_driver.o(i.dmp_set_orientation)
    i.dmp_set_shake_reject_thresh            0x08001fbc   Section        0  inv_mpu_dmp_motion_driver.o(i.dmp_set_shake_reject_thresh)
    i.dmp_set_shake_reject_time              0x08001ff4   Section        0  inv_mpu_dmp_motion_driver.o(i.dmp_set_shake_reject_time)
    i.dmp_set_shake_reject_timeout           0x0800201a   Section        0  inv_mpu_dmp_motion_driver.o(i.dmp_set_shake_reject_timeout)
    i.dmp_set_tap_axes                       0x08002040   Section        0  inv_mpu_dmp_motion_driver.o(i.dmp_set_tap_axes)
    i.dmp_set_tap_count                      0x08002086   Section        0  inv_mpu_dmp_motion_driver.o(i.dmp_set_tap_count)
    i.dmp_set_tap_thresh                     0x080020ac   Section        0  inv_mpu_dmp_motion_driver.o(i.dmp_set_tap_thresh)
    i.dmp_set_tap_time                       0x0800224c   Section        0  inv_mpu_dmp_motion_driver.o(i.dmp_set_tap_time)
    i.dmp_set_tap_time_multi                 0x08002272   Section        0  inv_mpu_dmp_motion_driver.o(i.dmp_set_tap_time_multi)
    i.get_ms                                 0x08002298   Section        0  time.o(i.get_ms)
    i.get_st_biases                          0x0800229c   Section        0  inv_mpu.o(i.get_st_biases)
    get_st_biases                            0x0800229d   Thumb Code  1132  inv_mpu.o(i.get_st_biases)
    i.inv_orientation_matrix_to_scalar       0x0800270c   Section        0  inv_mpu.o(i.inv_orientation_matrix_to_scalar)
    inv_orientation_matrix_to_scalar         0x0800270d   Thumb Code    40  inv_mpu.o(i.inv_orientation_matrix_to_scalar)
    i.inv_row_2_scale                        0x08002734   Section        0  inv_mpu.o(i.inv_row_2_scale)
    inv_row_2_scale                          0x08002735   Thumb Code    78  inv_mpu.o(i.inv_row_2_scale)
    i.main                                   0x08002784   Section        0  main.o(i.main)
    i.mpu_configure_fifo                     0x080027f4   Section        0  inv_mpu.o(i.mpu_configure_fifo)
    i.mpu_dmp_init                           0x08002864   Section        0  inv_mpu.o(i.mpu_dmp_init)
    i.mpu_get_accel_fsr                      0x08002c08   Section        0  inv_mpu.o(i.mpu_get_accel_fsr)
    i.mpu_get_accel_sens                     0x08002c54   Section        0  inv_mpu.o(i.mpu_get_accel_sens)
    i.mpu_get_fifo_config                    0x08002ca8   Section        0  inv_mpu.o(i.mpu_get_fifo_config)
    i.mpu_get_gyro_fsr                       0x08002cb8   Section        0  inv_mpu.o(i.mpu_get_gyro_fsr)
    i.mpu_get_gyro_sens                      0x08002cfc   Section        0  inv_mpu.o(i.mpu_get_gyro_sens)
    i.mpu_get_lpf                            0x08002d4c   Section        0  inv_mpu.o(i.mpu_get_lpf)
    i.mpu_get_sample_rate                    0x08002d9c   Section        0  inv_mpu.o(i.mpu_get_sample_rate)
    i.mpu_init                               0x08002dbc   Section        0  inv_mpu.o(i.mpu_init)
    i.mpu_load_firmware                      0x08002ee0   Section        0  inv_mpu.o(i.mpu_load_firmware)
    i.mpu_lp_accel_mode                      0x08002f98   Section        0  inv_mpu.o(i.mpu_lp_accel_mode)
    i.mpu_read_fifo_stream                   0x080030b4   Section        0  inv_mpu.o(i.mpu_read_fifo_stream)
    i.mpu_read_mem                           0x08003174   Section        0  inv_mpu.o(i.mpu_read_mem)
    i.mpu_reset_fifo                         0x080031f4   Section        0  inv_mpu.o(i.mpu_reset_fifo)
    i.mpu_run_self_test                      0x080033bc   Section        0  inv_mpu.o(i.mpu_run_self_test)
    i.mpu_set_accel_fsr                      0x08003468   Section        0  inv_mpu.o(i.mpu_set_accel_fsr)
    i.mpu_set_bypass                         0x080034ec   Section        0  inv_mpu.o(i.mpu_set_bypass)
    i.mpu_set_compass_sample_rate            0x08003638   Section        0  inv_mpu.o(i.mpu_set_compass_sample_rate)
    i.mpu_set_dmp_state                      0x08003698   Section        0  inv_mpu.o(i.mpu_set_dmp_state)
    i.mpu_set_gyro_fsr                       0x08003728   Section        0  inv_mpu.o(i.mpu_set_gyro_fsr)
    i.mpu_set_int_latched                    0x080037b0   Section        0  inv_mpu.o(i.mpu_set_int_latched)
    i.mpu_set_lpf                            0x0800381c   Section        0  inv_mpu.o(i.mpu_set_lpf)
    i.mpu_set_sample_rate                    0x080038a0   Section        0  inv_mpu.o(i.mpu_set_sample_rate)
    i.mpu_set_sensors                        0x08003954   Section        0  inv_mpu.o(i.mpu_set_sensors)
    i.mpu_write_mem                          0x08003abc   Section        0  inv_mpu.o(i.mpu_write_mem)
    i.run_self_test                          0x08003b3c   Section        0  inv_mpu.o(i.run_self_test)
    run_self_test                            0x08003b3d   Thumb Code   156  inv_mpu.o(i.run_self_test)
    i.set_int_enable                         0x08003c20   Section        0  inv_mpu.o(i.set_int_enable)
    set_int_enable                           0x08003c21   Thumb Code   138  inv_mpu.o(i.set_int_enable)
    i.setup_compass                          0x08003cb0   Section        0  inv_mpu.o(i.setup_compass)
    setup_compass                            0x08003cb1   Thumb Code   570  inv_mpu.o(i.setup_compass)
    i.sqrt                                   0x08003f04   Section        0  sqrt.o(i.sqrt)
    x$fpl$d2f                                0x08003f50   Section       98  d2f.o(x$fpl$d2f)
    x$fpl$dadd                               0x08003fb4   Section      336  daddsub_clz.o(x$fpl$dadd)
    _dadd1                                   0x08003fc5   Thumb Code     0  daddsub_clz.o(x$fpl$dadd)
    x$fpl$dcheck1                            0x08004104   Section       16  dcheck1.o(x$fpl$dcheck1)
    x$fpl$ddiv                               0x08004114   Section      688  ddiv.o(x$fpl$ddiv)
    ddiv_entry                               0x0800411b   Thumb Code     0  ddiv.o(x$fpl$ddiv)
    x$fpl$dmul                               0x080043c4   Section      340  dmul.o(x$fpl$dmul)
    x$fpl$dnaninf                            0x08004518   Section      156  dnaninf.o(x$fpl$dnaninf)
    x$fpl$dretinf                            0x080045b4   Section       12  dretinf.o(x$fpl$dretinf)
    x$fpl$drsb                               0x080045c0   Section       22  daddsub_clz.o(x$fpl$drsb)
    x$fpl$dsqrt                              0x080045d8   Section      460  dsqrt_noumaal.o(x$fpl$dsqrt)
    x$fpl$dsub                               0x080047a4   Section      468  daddsub_clz.o(x$fpl$dsub)
    _dsub1                                   0x080047b5   Thumb Code     0  daddsub_clz.o(x$fpl$dsub)
    x$fpl$f2d                                0x08004978   Section       86  f2d.o(x$fpl$f2d)
    x$fpl$fadd                               0x080049d0   Section      196  faddsub_clz.o(x$fpl$fadd)
    _fadd1                                   0x080049df   Thumb Code     0  faddsub_clz.o(x$fpl$fadd)
    x$fpl$fdiv                               0x08004a94   Section      388  fdiv.o(x$fpl$fdiv)
    _fdiv1                                   0x08004a95   Thumb Code     0  fdiv.o(x$fpl$fdiv)
    x$fpl$ffix                               0x08004c18   Section       54  ffix.o(x$fpl$ffix)
    x$fpl$ffixu                              0x08004c50   Section       62  ffixu.o(x$fpl$ffixu)
    x$fpl$fflt                               0x08004c90   Section       48  fflt_clz.o(x$fpl$fflt)
    x$fpl$ffltu                              0x08004cc0   Section       38  fflt_clz.o(x$fpl$ffltu)
    x$fpl$fmul                               0x08004ce8   Section      258  fmul.o(x$fpl$fmul)
    x$fpl$fnaninf                            0x08004dea   Section      140  fnaninf.o(x$fpl$fnaninf)
    x$fpl$fretinf                            0x08004e76   Section       10  fretinf.o(x$fpl$fretinf)
    x$fpl$fsub                               0x08004e80   Section      234  faddsub_clz.o(x$fpl$fsub)
    _fsub1                                   0x08004e8f   Thumb Code     0  faddsub_clz.o(x$fpl$fsub)
    x$fpl$retnan                             0x08004f6a   Section      100  retnan.o(x$fpl$retnan)
    x$fpl$scalbn                             0x08004fce   Section       92  scalbn.o(x$fpl$scalbn)
    x$fpl$trapveneer                         0x0800502a   Section       48  trapv.o(x$fpl$trapveneer)
    x$fpl$usenofp                            0x0800505a   Section        0  usenofp.o(x$fpl$usenofp)
    .constdata                               0x0800505c   Section       96  inv_mpu.o(.constdata)
    .constdata                               0x080050bc   Section     3062  inv_mpu_dmp_motion_driver.o(.constdata)
    dmp_memory                               0x080050bc   Data        3062  inv_mpu_dmp_motion_driver.o(.constdata)
    .constdata                               0x08005cb8   Section       80  asin.o(.constdata)
    pS                                       0x08005cb8   Data          48  asin.o(.constdata)
    qS                                       0x08005ce8   Data          32  asin.o(.constdata)
    .constdata                               0x08005d08   Section      152  atan.o(.constdata)
    atanhi                                   0x08005d08   Data          32  atan.o(.constdata)
    atanlo                                   0x08005d28   Data          32  atan.o(.constdata)
    aTodd                                    0x08005d48   Data          40  atan.o(.constdata)
    aTeven                                   0x08005d70   Data          48  atan.o(.constdata)
    .constdata                               0x08005da0   Section        8  qnan.o(.constdata)
    .data                                    0x20000000   Section       12  main.o(.data)
    .data                                    0x2000000c   Section      120  inv_mpu.o(.data)
    gyro_orientation                         0x20000040   Data           9  inv_mpu.o(.data)
    st                                       0x2000004c   Data          56  inv_mpu.o(.data)
    .data                                    0x20000084   Section       20  stm32f10x_rcc.o(.data)
    APBAHBPrescTable                         0x20000084   Data          16  stm32f10x_rcc.o(.data)
    ADCPrescTable                            0x20000094   Data           4  stm32f10x_rcc.o(.data)
    .bss                                     0x20000098   Section       30  inv_mpu.o(.bss)
    hal                                      0x200000a8   Data          14  inv_mpu.o(.bss)
    .bss                                     0x200000b8   Section       16  inv_mpu_dmp_motion_driver.o(.bss)
    dmp                                      0x200000b8   Data          16  inv_mpu_dmp_motion_driver.o(.bss)
    .bss                                     0x200000c8   Section       96  libspace.o(.bss)
    HEAP                                     0x20000128   Section      512  startup_stm32f10x_hd.o(HEAP)
    Heap_Mem                                 0x20000128   Data         512  startup_stm32f10x_hd.o(HEAP)
    STACK                                    0x20000328   Section     1024  startup_stm32f10x_hd.o(STACK)
    Stack_Mem                                0x20000328   Data        1024  startup_stm32f10x_hd.o(STACK)
    __initial_sp                             0x20000728   Data           0  startup_stm32f10x_hd.o(STACK)

    Global Symbols

    Symbol Name                              Value     Ov Type        Size  Object(Section)

    BuildAttributes$$THM_ISAv4$P$D$K$B$S$PE$A:L22UL41UL21$X:L11$S22US41US21$IEEE1$IW$USESV6$~STKCKD$USESV7$~SHL$OTIME$ROPI$IEEEX$EBA8$UX$STANDARDLIB$REQ8$PRES8$EABIv2 0x00000000   Number         0  anon$$obj.o ABSOLUTE
    __ARM_use_no_argv                        0x00000000   Number         0  main.o ABSOLUTE
    __ARM_exceptions_init                     - Undefined Weak Reference
    __alloca_initialize                       - Undefined Weak Reference
    __arm_preinit_                            - Undefined Weak Reference
    __cpp_initialize__aeabi_                  - Undefined Weak Reference
    __cxa_finalize                            - Undefined Weak Reference
    __rt_locale                               - Undefined Weak Reference
    __sigvec_lookup                           - Undefined Weak Reference
    _atexit_init                              - Undefined Weak Reference
    _call_atexit_fns                          - Undefined Weak Reference
    _clock_init                               - Undefined Weak Reference
    _fp_trap_init                             - Undefined Weak Reference
    _fp_trap_shutdown                         - Undefined Weak Reference
    _get_lc_collate                           - Undefined Weak Reference
    _get_lc_ctype                             - Undefined Weak Reference
    _get_lc_monetary                          - Undefined Weak Reference
    _get_lc_numeric                           - Undefined Weak Reference
    _get_lc_time                              - Undefined Weak Reference
    _getenv_init                              - Undefined Weak Reference
    _handle_redirection                       - Undefined Weak Reference
    _init_alloc                               - Undefined Weak Reference
    _init_user_alloc                          - Undefined Weak Reference
    _initio                                   - Undefined Weak Reference
    _rand_init                                - Undefined Weak Reference
    _signal_finish                            - Undefined Weak Reference
    _signal_init                              - Undefined Weak Reference
    _terminate_alloc                          - Undefined Weak Reference
    _terminate_user_alloc                     - Undefined Weak Reference
    _terminateio                              - Undefined Weak Reference
    __Vectors_Size                           0x00000130   Number         0  startup_stm32f10x_hd.o ABSOLUTE
    __Vectors                                0x08000000   Data           4  startup_stm32f10x_hd.o(RESET)
    __Vectors_End                            0x08000130   Data           0  startup_stm32f10x_hd.o(RESET)
    __main                                   0x08000131   Thumb Code     8  __main.o(!!!main)
    __scatterload                            0x08000139   Thumb Code     0  __scatter.o(!!!scatter)
    __scatterload_rt2                        0x08000139   Thumb Code    44  __scatter.o(!!!scatter)
    __scatterload_rt2_thumb_only             0x08000139   Thumb Code     0  __scatter.o(!!!scatter)
    __scatterload_null                       0x08000147   Thumb Code     0  __scatter.o(!!!scatter)
    __scatterload_copy                       0x0800016d   Thumb Code    26  __scatter_copy.o(!!handler_copy)
    __scatterload_zeroinit                   0x08000189   Thumb Code    28  __scatter_zi.o(!!handler_zi)
    __rt_lib_init                            0x080001a5   Thumb Code     0  libinit.o(.ARM.Collect$$libinit$$00000000)
    __rt_lib_init_alloca_1                   0x080001a7   Thumb Code     0  libinit2.o(.ARM.Collect$$libinit$$0000002E)
    __rt_lib_init_argv_1                     0x080001a7   Thumb Code     0  libinit2.o(.ARM.Collect$$libinit$$0000002C)
    __rt_lib_init_atexit_1                   0x080001a7   Thumb Code     0  libinit2.o(.ARM.Collect$$libinit$$0000001B)
    __rt_lib_init_clock_1                    0x080001a7   Thumb Code     0  libinit2.o(.ARM.Collect$$libinit$$00000021)
    __rt_lib_init_cpp_1                      0x080001a7   Thumb Code     0  libinit2.o(.ARM.Collect$$libinit$$00000032)
    __rt_lib_init_exceptions_1               0x080001a7   Thumb Code     0  libinit2.o(.ARM.Collect$$libinit$$00000030)
    __rt_lib_init_fp_1                       0x080001a7   Thumb Code     0  libinit2.o(.ARM.Collect$$libinit$$00000002)
    __rt_lib_init_fp_trap_1                  0x080001a7   Thumb Code     0  libinit2.o(.ARM.Collect$$libinit$$0000001F)
    __rt_lib_init_getenv_1                   0x080001a7   Thumb Code     0  libinit2.o(.ARM.Collect$$libinit$$00000023)
    __rt_lib_init_heap_1                     0x080001a7   Thumb Code     0  libinit2.o(.ARM.Collect$$libinit$$0000000A)
    __rt_lib_init_lc_collate_1               0x080001a7   Thumb Code     0  libinit2.o(.ARM.Collect$$libinit$$00000011)
    __rt_lib_init_lc_ctype_1                 0x080001a7   Thumb Code     0  libinit2.o(.ARM.Collect$$libinit$$00000013)
    __rt_lib_init_lc_monetary_1              0x080001a7   Thumb Code     0  libinit2.o(.ARM.Collect$$libinit$$00000015)
    __rt_lib_init_lc_numeric_1               0x080001a7   Thumb Code     0  libinit2.o(.ARM.Collect$$libinit$$00000017)
    __rt_lib_init_lc_time_1                  0x080001a7   Thumb Code     0  libinit2.o(.ARM.Collect$$libinit$$00000019)
    __rt_lib_init_preinit_1                  0x080001a7   Thumb Code     0  libinit2.o(.ARM.Collect$$libinit$$00000004)
    __rt_lib_init_rand_1                     0x080001a7   Thumb Code     0  libinit2.o(.ARM.Collect$$libinit$$0000000E)
    __rt_lib_init_return                     0x080001a7   Thumb Code     0  libinit2.o(.ARM.Collect$$libinit$$00000033)
    __rt_lib_init_signal_1                   0x080001a7   Thumb Code     0  libinit2.o(.ARM.Collect$$libinit$$0000001D)
    __rt_lib_init_stdio_1                    0x080001a7   Thumb Code     0  libinit2.o(.ARM.Collect$$libinit$$00000025)
    __rt_lib_init_user_alloc_1               0x080001a7   Thumb Code     0  libinit2.o(.ARM.Collect$$libinit$$0000000C)
    __rt_lib_shutdown                        0x080001a9   Thumb Code     0  libshutdown.o(.ARM.Collect$$libshutdown$$00000000)
    __rt_lib_shutdown_fp_trap_1              0x080001ab   Thumb Code     0  libshutdown2.o(.ARM.Collect$$libshutdown$$00000006)
    __rt_lib_shutdown_heap_1                 0x080001ab   Thumb Code     0  libshutdown2.o(.ARM.Collect$$libshutdown$$0000000E)
    __rt_lib_shutdown_return                 0x080001ab   Thumb Code     0  libshutdown2.o(.ARM.Collect$$libshutdown$$0000000F)
    __rt_lib_shutdown_signal_1               0x080001ab   Thumb Code     0  libshutdown2.o(.ARM.Collect$$libshutdown$$00000009)
    __rt_lib_shutdown_stdio_1                0x080001ab   Thumb Code     0  libshutdown2.o(.ARM.Collect$$libshutdown$$00000003)
    __rt_lib_shutdown_user_alloc_1           0x080001ab   Thumb Code     0  libshutdown2.o(.ARM.Collect$$libshutdown$$0000000B)
    __rt_entry                               0x080001ad   Thumb Code     0  __rtentry.o(.ARM.Collect$$rtentry$$00000000)
    __rt_entry_presh_1                       0x080001ad   Thumb Code     0  __rtentry2.o(.ARM.Collect$$rtentry$$00000002)
    __rt_entry_sh                            0x080001ad   Thumb Code     0  __rtentry4.o(.ARM.Collect$$rtentry$$00000004)
    __rt_entry_li                            0x080001b3   Thumb Code     0  __rtentry2.o(.ARM.Collect$$rtentry$$0000000A)
    __rt_entry_postsh_1                      0x080001b3   Thumb Code     0  __rtentry2.o(.ARM.Collect$$rtentry$$00000009)
    __rt_entry_main                          0x080001b7   Thumb Code     0  __rtentry2.o(.ARM.Collect$$rtentry$$0000000D)
    __rt_entry_postli_1                      0x080001b7   Thumb Code     0  __rtentry2.o(.ARM.Collect$$rtentry$$0000000C)
    __rt_exit                                0x080001bf   Thumb Code     0  rtexit.o(.ARM.Collect$$rtexit$$00000000)
    __rt_exit_ls                             0x080001c1   Thumb Code     0  rtexit2.o(.ARM.Collect$$rtexit$$00000003)
    __rt_exit_prels_1                        0x080001c1   Thumb Code     0  rtexit2.o(.ARM.Collect$$rtexit$$00000002)
    __rt_exit_exit                           0x080001c5   Thumb Code     0  rtexit2.o(.ARM.Collect$$rtexit$$00000004)
    Reset_Handler                            0x080001cd   Thumb Code     8  startup_stm32f10x_hd.o(.text)
    ADC1_2_IRQHandler                        0x080001e7   Thumb Code     0  startup_stm32f10x_hd.o(.text)
    ADC3_IRQHandler                          0x080001e7   Thumb Code     0  startup_stm32f10x_hd.o(.text)
    CAN1_RX1_IRQHandler                      0x080001e7   Thumb Code     0  startup_stm32f10x_hd.o(.text)
    CAN1_SCE_IRQHandler                      0x080001e7   Thumb Code     0  startup_stm32f10x_hd.o(.text)
    DMA1_Channel1_IRQHandler                 0x080001e7   Thumb Code     0  startup_stm32f10x_hd.o(.text)
    DMA1_Channel2_IRQHandler                 0x080001e7   Thumb Code     0  startup_stm32f10x_hd.o(.text)
    DMA1_Channel3_IRQHandler                 0x080001e7   Thumb Code     0  startup_stm32f10x_hd.o(.text)
    DMA1_Channel4_IRQHandler                 0x080001e7   Thumb Code     0  startup_stm32f10x_hd.o(.text)
    DMA1_Channel5_IRQHandler                 0x080001e7   Thumb Code     0  startup_stm32f10x_hd.o(.text)
    DMA1_Channel6_IRQHandler                 0x080001e7   Thumb Code     0  startup_stm32f10x_hd.o(.text)
    DMA1_Channel7_IRQHandler                 0x080001e7   Thumb Code     0  startup_stm32f10x_hd.o(.text)
    DMA2_Channel1_IRQHandler                 0x080001e7   Thumb Code     0  startup_stm32f10x_hd.o(.text)
    DMA2_Channel2_IRQHandler                 0x080001e7   Thumb Code     0  startup_stm32f10x_hd.o(.text)
    DMA2_Channel3_IRQHandler                 0x080001e7   Thumb Code     0  startup_stm32f10x_hd.o(.text)
    DMA2_Channel4_5_IRQHandler               0x080001e7   Thumb Code     0  startup_stm32f10x_hd.o(.text)
    EXTI0_IRQHandler                         0x080001e7   Thumb Code     0  startup_stm32f10x_hd.o(.text)
    EXTI15_10_IRQHandler                     0x080001e7   Thumb Code     0  startup_stm32f10x_hd.o(.text)
    EXTI1_IRQHandler                         0x080001e7   Thumb Code     0  startup_stm32f10x_hd.o(.text)
    EXTI2_IRQHandler                         0x080001e7   Thumb Code     0  startup_stm32f10x_hd.o(.text)
    EXTI3_IRQHandler                         0x080001e7   Thumb Code     0  startup_stm32f10x_hd.o(.text)
    EXTI4_IRQHandler                         0x080001e7   Thumb Code     0  startup_stm32f10x_hd.o(.text)
    EXTI9_5_IRQHandler                       0x080001e7   Thumb Code     0  startup_stm32f10x_hd.o(.text)
    FLASH_IRQHandler                         0x080001e7   Thumb Code     0  startup_stm32f10x_hd.o(.text)
    FSMC_IRQHandler                          0x080001e7   Thumb Code     0  startup_stm32f10x_hd.o(.text)
    I2C1_ER_IRQHandler                       0x080001e7   Thumb Code     0  startup_stm32f10x_hd.o(.text)
    I2C1_EV_IRQHandler                       0x080001e7   Thumb Code     0  startup_stm32f10x_hd.o(.text)
    I2C2_ER_IRQHandler                       0x080001e7   Thumb Code     0  startup_stm32f10x_hd.o(.text)
    I2C2_EV_IRQHandler                       0x080001e7   Thumb Code     0  startup_stm32f10x_hd.o(.text)
    PVD_IRQHandler                           0x080001e7   Thumb Code     0  startup_stm32f10x_hd.o(.text)
    RCC_IRQHandler                           0x080001e7   Thumb Code     0  startup_stm32f10x_hd.o(.text)
    RTCAlarm_IRQHandler                      0x080001e7   Thumb Code     0  startup_stm32f10x_hd.o(.text)
    RTC_IRQHandler                           0x080001e7   Thumb Code     0  startup_stm32f10x_hd.o(.text)
    SDIO_IRQHandler                          0x080001e7   Thumb Code     0  startup_stm32f10x_hd.o(.text)
    SPI1_IRQHandler                          0x080001e7   Thumb Code     0  startup_stm32f10x_hd.o(.text)
    SPI2_IRQHandler                          0x080001e7   Thumb Code     0  startup_stm32f10x_hd.o(.text)
    SPI3_IRQHandler                          0x080001e7   Thumb Code     0  startup_stm32f10x_hd.o(.text)
    TAMPER_IRQHandler                        0x080001e7   Thumb Code     0  startup_stm32f10x_hd.o(.text)
    TIM1_BRK_IRQHandler                      0x080001e7   Thumb Code     0  startup_stm32f10x_hd.o(.text)
    TIM1_CC_IRQHandler                       0x080001e7   Thumb Code     0  startup_stm32f10x_hd.o(.text)
    TIM1_TRG_COM_IRQHandler                  0x080001e7   Thumb Code     0  startup_stm32f10x_hd.o(.text)
    TIM1_UP_IRQHandler                       0x080001e7   Thumb Code     0  startup_stm32f10x_hd.o(.text)
    TIM2_IRQHandler                          0x080001e7   Thumb Code     0  startup_stm32f10x_hd.o(.text)
    TIM3_IRQHandler                          0x080001e7   Thumb Code     0  startup_stm32f10x_hd.o(.text)
    TIM4_IRQHandler                          0x080001e7   Thumb Code     0  startup_stm32f10x_hd.o(.text)
    TIM5_IRQHandler                          0x080001e7   Thumb Code     0  startup_stm32f10x_hd.o(.text)
    TIM6_IRQHandler                          0x080001e7   Thumb Code     0  startup_stm32f10x_hd.o(.text)
    TIM7_IRQHandler                          0x080001e7   Thumb Code     0  startup_stm32f10x_hd.o(.text)
    TIM8_BRK_IRQHandler                      0x080001e7   Thumb Code     0  startup_stm32f10x_hd.o(.text)
    TIM8_CC_IRQHandler                       0x080001e7   Thumb Code     0  startup_stm32f10x_hd.o(.text)
    TIM8_TRG_COM_IRQHandler                  0x080001e7   Thumb Code     0  startup_stm32f10x_hd.o(.text)
    TIM8_UP_IRQHandler                       0x080001e7   Thumb Code     0  startup_stm32f10x_hd.o(.text)
    UART4_IRQHandler                         0x080001e7   Thumb Code     0  startup_stm32f10x_hd.o(.text)
    UART5_IRQHandler                         0x080001e7   Thumb Code     0  startup_stm32f10x_hd.o(.text)
    USART1_IRQHandler                        0x080001e7   Thumb Code     0  startup_stm32f10x_hd.o(.text)
    USART2_IRQHandler                        0x080001e7   Thumb Code     0  startup_stm32f10x_hd.o(.text)
    USART3_IRQHandler                        0x080001e7   Thumb Code     0  startup_stm32f10x_hd.o(.text)
    USBWakeUp_IRQHandler                     0x080001e7   Thumb Code     0  startup_stm32f10x_hd.o(.text)
    USB_HP_CAN1_TX_IRQHandler                0x080001e7   Thumb Code     0  startup_stm32f10x_hd.o(.text)
    USB_LP_CAN1_RX0_IRQHandler               0x080001e7   Thumb Code     0  startup_stm32f10x_hd.o(.text)
    WWDG_IRQHandler                          0x080001e7   Thumb Code     0  startup_stm32f10x_hd.o(.text)
    __user_initial_stackheap                 0x080001e9   Thumb Code     0  startup_stm32f10x_hd.o(.text)
    __aeabi_ldivmod                          0x0800020d   Thumb Code     0  llsdiv.o(.text)
    _ll_sdiv                                 0x0800020d   Thumb Code    72  llsdiv.o(.text)
    memcmp                                   0x08000255   Thumb Code    88  memcmp.o(.text)
    __aeabi_memset                           0x080002ad   Thumb Code    16  aeabi_memset.o(.text)
    __use_two_region_memory                  0x080002bd   Thumb Code     2  heapauxi.o(.text)
    __rt_heap_escrow$2region                 0x080002bf   Thumb Code     2  heapauxi.o(.text)
    __rt_heap_expand$2region                 0x080002c1   Thumb Code     2  heapauxi.o(.text)
    __aeabi_uldivmod                         0x080002c3   Thumb Code     0  lludivv7m.o(.text)
    _ll_udiv                                 0x080002c3   Thumb Code   238  lludivv7m.o(.text)
    __read_errno                             0x080003b1   Thumb Code    10  _rserrno.o(.text)
    __set_errno                              0x080003bb   Thumb Code    12  _rserrno.o(.text)
    __aeabi_memclr                           0x080003c7   Thumb Code     0  rt_memclr.o(.text)
    __rt_memclr                              0x080003c7   Thumb Code    68  rt_memclr.o(.text)
    _memset                                  0x080003cb   Thumb Code     0  rt_memclr.o(.text)
    __aeabi_errno_addr                       0x0800040d   Thumb Code     8  rt_errno_addr_intlibspace.o(.text)
    __errno$intlibspace                      0x0800040d   Thumb Code     0  rt_errno_addr_intlibspace.o(.text)
    __rt_errno_addr$intlibspace              0x0800040d   Thumb Code     0  rt_errno_addr_intlibspace.o(.text)
    __aeabi_memclr4                          0x08000415   Thumb Code     0  rt_memclr_w.o(.text)
    __aeabi_memclr8                          0x08000415   Thumb Code     0  rt_memclr_w.o(.text)
    __rt_memclr_w                            0x08000415   Thumb Code    78  rt_memclr_w.o(.text)
    _memset_w                                0x08000419   Thumb Code     0  rt_memclr_w.o(.text)
    __user_libspace                          0x08000465   Thumb Code     8  libspace.o(.text)
    __user_perproc_libspace                  0x08000465   Thumb Code     0  libspace.o(.text)
    __user_perthread_libspace                0x08000465   Thumb Code     0  libspace.o(.text)
    __user_setup_stackheap                   0x0800046d   Thumb Code    74  sys_stackheap_outer.o(.text)
    exit                                     0x080004b7   Thumb Code    12  exit.o(.text)
    _sys_exit                                0x080004c5   Thumb Code     8  sys_exit.o(.text)
    __I$use$semihosting                      0x080004d1   Thumb Code     0  use_no_semi.o(.text)
    __use_no_semihosting_swi                 0x080004d1   Thumb Code     2  use_no_semi.o(.text)
    BusFault_Handler                         0x080004d3   Thumb Code     4  stm32f10x_it.o(i.BusFault_Handler)
    __semihosting_library_function           0x080004d3   Thumb Code     0  indicate_semi.o(.text)
    DebugMon_Handler                         0x080004d7   Thumb Code     2  stm32f10x_it.o(i.DebugMon_Handler)
    GPIO_Init                                0x080004d9   Thumb Code   278  stm32f10x_gpio.o(i.GPIO_Init)
    GPIO_ResetBits                           0x080005ef   Thumb Code     4  stm32f10x_gpio.o(i.GPIO_ResetBits)
    GPIO_SetBits                             0x080005f3   Thumb Code     4  stm32f10x_gpio.o(i.GPIO_SetBits)
    HardFault_Handler                        0x080005f7   Thumb Code     4  stm32f10x_it.o(i.HardFault_Handler)
    LED_Config                               0x080005fd   Thumb Code    50  main.o(i.LED_Config)
    MPU6500_Read_MultiBytes                  0x08000635   Thumb Code    64  drv_spi.o(i.MPU6500_Read_MultiBytes)
    MPU6500_Write_MultiBytes                 0x08000679   Thumb Code    60  drv_spi.o(i.MPU6500_Write_MultiBytes)
    MemManage_Handler                        0x080006b9   Thumb Code     4  stm32f10x_it.o(i.MemManage_Handler)
    NMI_Handler                              0x080006bd   Thumb Code     2  stm32f10x_it.o(i.NMI_Handler)
    PendSV_Handler                           0x080006bf   Thumb Code     2  stm32f10x_it.o(i.PendSV_Handler)
    PrintChar                                0x080006c1   Thumb Code    24  usart.o(i.PrintChar)
    RCC_APB1PeriphClockCmd                   0x080006d9   Thumb Code    26  stm32f10x_rcc.o(i.RCC_APB1PeriphClockCmd)
    RCC_APB2PeriphClockCmd                   0x080006f9   Thumb Code    26  stm32f10x_rcc.o(i.RCC_APB2PeriphClockCmd)
    RCC_GetClocksFreq                        0x08000719   Thumb Code   192  stm32f10x_rcc.o(i.RCC_GetClocksFreq)
    SPI1_Init                                0x080007ed   Thumb Code   158  drv_spi.o(i.SPI1_Init)
    SPI1_Read_Write_Byte                     0x08000895   Thumb Code    78  drv_spi.o(i.SPI1_Read_Write_Byte)
    SPI_Cmd                                  0x080008e9   Thumb Code    24  stm32f10x_spi.o(i.SPI_Cmd)
    SPI_I2S_GetFlagStatus                    0x08000901   Thumb Code    18  stm32f10x_spi.o(i.SPI_I2S_GetFlagStatus)
    SPI_I2S_ReceiveData                      0x08000913   Thumb Code     6  stm32f10x_spi.o(i.SPI_I2S_ReceiveData)
    SPI_I2S_SendData                         0x08000919   Thumb Code     4  stm32f10x_spi.o(i.SPI_I2S_SendData)
    SPI_Init                                 0x0800091d   Thumb Code    60  stm32f10x_spi.o(i.SPI_Init)
    SVC_Handler                              0x08000959   Thumb Code     2  stm32f10x_it.o(i.SVC_Handler)
    SysTick_Handler                          0x08000a45   Thumb Code     2  stm32f10x_it.o(i.SysTick_Handler)
    SystemInit                               0x08000a49   Thumb Code    78  system_stm32f10x.o(i.SystemInit)
    USART2_Config                            0x08000aa9   Thumb Code   144  usart.o(i.USART2_Config)
    USART_ClearFlag                          0x08000b41   Thumb Code    18  stm32f10x_usart.o(i.USART_ClearFlag)
    USART_Cmd                                0x08000b53   Thumb Code    24  stm32f10x_usart.o(i.USART_Cmd)
    USART_GetFlagStatus                      0x08000b6b   Thumb Code    26  stm32f10x_usart.o(i.USART_GetFlagStatus)
    USART_ITConfig                           0x08000b85   Thumb Code    74  stm32f10x_usart.o(i.USART_ITConfig)
    USART_Init                               0x08000bd1   Thumb Code   210  stm32f10x_usart.o(i.USART_Init)
    USART_SendData                           0x08000ca9   Thumb Code     8  stm32f10x_usart.o(i.USART_SendData)
    UsageFault_Handler                       0x08000cb1   Thumb Code     4  stm32f10x_it.o(i.UsageFault_Handler)
    UsartSend                                0x08000cb5   Thumb Code    28  usart.o(i.UsartSend)
    __ARM_fpclassify                         0x08000cd5   Thumb Code    40  fpclassify.o(i.__ARM_fpclassify)
    __kernel_poly                            0x08000cfd   Thumb Code   170  poly.o(i.__kernel_poly)
    __mathlib_dbl_infnan                     0x08000da7   Thumb Code     6  dunder.o(i.__mathlib_dbl_infnan)
    __mathlib_dbl_infnan2                    0x08000dad   Thumb Code     4  dunder.o(i.__mathlib_dbl_infnan2)
    __mathlib_dbl_invalid                    0x08000db1   Thumb Code    12  dunder.o(i.__mathlib_dbl_invalid)
    __mathlib_dbl_underflow                  0x08000dbd   Thumb Code    10  dunder.o(i.__mathlib_dbl_underflow)
    asin                                     0x08000dcd   Thumb Code   572  asin.o(i.asin)
    atan                                     0x0800103d   Thumb Code   474  atan.o(i.atan)
    atan2                                    0x0800125d   Thumb Code   346  atan2.o(i.atan2)
    delay_ms                                 0x08001441   Thumb Code    24  delay.o(i.delay_ms)
    delay_us                                 0x08001459   Thumb Code    26  delay.o(i.delay_us)
    dmp_enable_6x_lp_quat                    0x08001473   Thumb Code    60  inv_mpu_dmp_motion_driver.o(i.dmp_enable_6x_lp_quat)
    dmp_enable_feature                       0x080014b1   Thumb Code   530  inv_mpu_dmp_motion_driver.o(i.dmp_enable_feature)
    dmp_enable_gyro_cal                      0x080016cd   Thumb Code    62  inv_mpu_dmp_motion_driver.o(i.dmp_enable_gyro_cal)
    dmp_enable_lp_quat                       0x08001725   Thumb Code    60  inv_mpu_dmp_motion_driver.o(i.dmp_enable_lp_quat)
    dmp_get_angle                            0x08001761   Thumb Code   578  inv_mpu.o(i.dmp_get_angle)
    dmp_load_motion_driver_firmware          0x080019d1   Thumb Code    20  inv_mpu_dmp_motion_driver.o(i.dmp_load_motion_driver_firmware)
    dmp_read_fifo                            0x080019e9   Thumb Code   456  inv_mpu_dmp_motion_driver.o(i.dmp_read_fifo)
    dmp_set_accel_bias                       0x08001bb5   Thumb Code   300  inv_mpu_dmp_motion_driver.o(i.dmp_set_accel_bias)
    dmp_set_fifo_rate                        0x08001ce5   Thumb Code    96  inv_mpu_dmp_motion_driver.o(i.dmp_set_fifo_rate)
    dmp_set_gyro_bias                        0x08001d55   Thumb Code   294  inv_mpu_dmp_motion_driver.o(i.dmp_set_gyro_bias)
    dmp_set_orientation                      0x08001e85   Thumb Code   290  inv_mpu_dmp_motion_driver.o(i.dmp_set_orientation)
    dmp_set_shake_reject_thresh              0x08001fbd   Thumb Code    56  inv_mpu_dmp_motion_driver.o(i.dmp_set_shake_reject_thresh)
    dmp_set_shake_reject_time                0x08001ff5   Thumb Code    38  inv_mpu_dmp_motion_driver.o(i.dmp_set_shake_reject_time)
    dmp_set_shake_reject_timeout             0x0800201b   Thumb Code    38  inv_mpu_dmp_motion_driver.o(i.dmp_set_shake_reject_timeout)
    dmp_set_tap_axes                         0x08002041   Thumb Code    70  inv_mpu_dmp_motion_driver.o(i.dmp_set_tap_axes)
    dmp_set_tap_count                        0x08002087   Thumb Code    38  inv_mpu_dmp_motion_driver.o(i.dmp_set_tap_count)
    dmp_set_tap_thresh                       0x080020ad   Thumb Code   396  inv_mpu_dmp_motion_driver.o(i.dmp_set_tap_thresh)
    dmp_set_tap_time                         0x0800224d   Thumb Code    38  inv_mpu_dmp_motion_driver.o(i.dmp_set_tap_time)
    dmp_set_tap_time_multi                   0x08002273   Thumb Code    38  inv_mpu_dmp_motion_driver.o(i.dmp_set_tap_time_multi)
    get_ms                                   0x08002299   Thumb Code     2  time.o(i.get_ms)
    main                                     0x08002785   Thumb Code    94  main.o(i.main)
    mpu_configure_fifo                       0x080027f5   Thumb Code   106  inv_mpu.o(i.mpu_configure_fifo)
    mpu_dmp_init                             0x08002865   Thumb Code   210  inv_mpu.o(i.mpu_dmp_init)
    mpu_get_accel_fsr                        0x08002c09   Thumb Code    72  inv_mpu.o(i.mpu_get_accel_fsr)
    mpu_get_accel_sens                       0x08002c55   Thumb Code    78  inv_mpu.o(i.mpu_get_accel_sens)
    mpu_get_fifo_config                      0x08002ca9   Thumb Code    12  inv_mpu.o(i.mpu_get_fifo_config)
    mpu_get_gyro_fsr                         0x08002cb9   Thumb Code    64  inv_mpu.o(i.mpu_get_gyro_fsr)
    mpu_get_gyro_sens                        0x08002cfd   Thumb Code    58  inv_mpu.o(i.mpu_get_gyro_sens)
    mpu_get_lpf                              0x08002d4d   Thumb Code    74  inv_mpu.o(i.mpu_get_lpf)
    mpu_get_sample_rate                      0x08002d9d   Thumb Code    26  inv_mpu.o(i.mpu_get_sample_rate)
    mpu_init                                 0x08002dbd   Thumb Code   286  inv_mpu.o(i.mpu_init)
    mpu_load_firmware                        0x08002ee1   Thumb Code   180  inv_mpu.o(i.mpu_load_firmware)
    mpu_lp_accel_mode                        0x08002f99   Thumb Code   280  inv_mpu.o(i.mpu_lp_accel_mode)
    mpu_read_fifo_stream                     0x080030b5   Thumb Code   186  inv_mpu.o(i.mpu_read_fifo_stream)
    mpu_read_mem                             0x08003175   Thumb Code   122  inv_mpu.o(i.mpu_read_mem)
    mpu_reset_fifo                           0x080031f5   Thumb Code   450  inv_mpu.o(i.mpu_reset_fifo)
    mpu_run_self_test                        0x080033bd   Thumb Code   168  inv_mpu.o(i.mpu_run_self_test)
    mpu_set_accel_fsr                        0x08003469   Thumb Code   126  inv_mpu.o(i.mpu_set_accel_fsr)
    mpu_set_bypass                           0x080034ed   Thumb Code   328  inv_mpu.o(i.mpu_set_bypass)
    mpu_set_compass_sample_rate              0x08003639   Thumb Code    92  inv_mpu.o(i.mpu_set_compass_sample_rate)
    mpu_set_dmp_state                        0x08003699   Thumb Code   138  inv_mpu.o(i.mpu_set_dmp_state)
    mpu_set_gyro_fsr                         0x08003729   Thumb Code   132  inv_mpu.o(i.mpu_set_gyro_fsr)
    mpu_set_int_latched                      0x080037b1   Thumb Code   102  inv_mpu.o(i.mpu_set_int_latched)
    mpu_set_lpf                              0x0800381d   Thumb Code   126  inv_mpu.o(i.mpu_set_lpf)
    mpu_set_sample_rate                      0x080038a1   Thumb Code   174  inv_mpu.o(i.mpu_set_sample_rate)
    mpu_set_sensors                          0x08003955   Thumb Code   354  inv_mpu.o(i.mpu_set_sensors)
    mpu_write_mem                            0x08003abd   Thumb Code   122  inv_mpu.o(i.mpu_write_mem)
    sqrt                                     0x08003f05   Thumb Code    76  sqrt.o(i.sqrt)
    __aeabi_d2f                              0x08003f51   Thumb Code     0  d2f.o(x$fpl$d2f)
    _d2f                                     0x08003f51   Thumb Code    98  d2f.o(x$fpl$d2f)
    __aeabi_dadd                             0x08003fb5   Thumb Code     0  daddsub_clz.o(x$fpl$dadd)
    _dadd                                    0x08003fb5   Thumb Code   332  daddsub_clz.o(x$fpl$dadd)
    __fpl_dcheck_NaN1                        0x08004105   Thumb Code    10  dcheck1.o(x$fpl$dcheck1)
    __aeabi_ddiv                             0x08004115   Thumb Code     0  ddiv.o(x$fpl$ddiv)
    _ddiv                                    0x08004115   Thumb Code   552  ddiv.o(x$fpl$ddiv)
    __aeabi_dmul                             0x080043c5   Thumb Code     0  dmul.o(x$fpl$dmul)
    _dmul                                    0x080043c5   Thumb Code   332  dmul.o(x$fpl$dmul)
    __fpl_dnaninf                            0x08004519   Thumb Code   156  dnaninf.o(x$fpl$dnaninf)
    __fpl_dretinf                            0x080045b5   Thumb Code    12  dretinf.o(x$fpl$dretinf)
    __aeabi_drsub                            0x080045c1   Thumb Code     0  daddsub_clz.o(x$fpl$drsb)
    _drsb                                    0x080045c1   Thumb Code    22  daddsub_clz.o(x$fpl$drsb)
    _dsqrt                                   0x080045d9   Thumb Code   456  dsqrt_noumaal.o(x$fpl$dsqrt)
    __aeabi_dsub                             0x080047a5   Thumb Code     0  daddsub_clz.o(x$fpl$dsub)
    _dsub                                    0x080047a5   Thumb Code   464  daddsub_clz.o(x$fpl$dsub)
    __aeabi_f2d                              0x08004979   Thumb Code     0  f2d.o(x$fpl$f2d)
    _f2d                                     0x08004979   Thumb Code    86  f2d.o(x$fpl$f2d)
    __aeabi_fadd                             0x080049d1   Thumb Code     0  faddsub_clz.o(x$fpl$fadd)
    _fadd                                    0x080049d1   Thumb Code   196  faddsub_clz.o(x$fpl$fadd)
    __aeabi_fdiv                             0x08004a95   Thumb Code     0  fdiv.o(x$fpl$fdiv)
    _fdiv                                    0x08004a95   Thumb Code   384  fdiv.o(x$fpl$fdiv)
    __aeabi_f2iz                             0x08004c19   Thumb Code     0  ffix.o(x$fpl$ffix)
    _ffix                                    0x08004c19   Thumb Code    54  ffix.o(x$fpl$ffix)
    __aeabi_f2uiz                            0x08004c51   Thumb Code     0  ffixu.o(x$fpl$ffixu)
    _ffixu                                   0x08004c51   Thumb Code    62  ffixu.o(x$fpl$ffixu)
    __aeabi_i2f                              0x08004c91   Thumb Code     0  fflt_clz.o(x$fpl$fflt)
    _fflt                                    0x08004c91   Thumb Code    48  fflt_clz.o(x$fpl$fflt)
    __aeabi_ui2f                             0x08004cc1   Thumb Code     0  fflt_clz.o(x$fpl$ffltu)
    _ffltu                                   0x08004cc1   Thumb Code    38  fflt_clz.o(x$fpl$ffltu)
    __aeabi_fmul                             0x08004ce9   Thumb Code     0  fmul.o(x$fpl$fmul)
    _fmul                                    0x08004ce9   Thumb Code   258  fmul.o(x$fpl$fmul)
    __fpl_fnaninf                            0x08004deb   Thumb Code   140  fnaninf.o(x$fpl$fnaninf)
    __fpl_fretinf                            0x08004e77   Thumb Code    10  fretinf.o(x$fpl$fretinf)
    __aeabi_fsub                             0x08004e81   Thumb Code     0  faddsub_clz.o(x$fpl$fsub)
    _fsub                                    0x08004e81   Thumb Code   234  faddsub_clz.o(x$fpl$fsub)
    __fpl_return_NaN                         0x08004f6b   Thumb Code   100  retnan.o(x$fpl$retnan)
    __ARM_scalbn                             0x08004fcf   Thumb Code    92  scalbn.o(x$fpl$scalbn)
    __fpl_cmpreturn                          0x0800502b   Thumb Code    48  trapv.o(x$fpl$trapveneer)
    __I$use$fp                               0x0800505a   Number         0  usenofp.o(x$fpl$usenofp)
    reg                                      0x0800505c   Data          42  inv_mpu.o(.constdata)
    hw                                       0x08005086   Data          14  inv_mpu.o(.constdata)
    test                                     0x08005094   Data          40  inv_mpu.o(.constdata)
    __mathlib_zero                           0x08005da0   Data           8  qnan.o(.constdata)
    Region$$Table$$Base                      0x08005da8   Number         0  anon$$obj.o(Region$$Table)
    Region$$Table$$Limit                     0x08005dc8   Number         0  anon$$obj.o(Region$$Table)
    Pitch                                    0x20000000   Data           4  main.o(.data)
    Roll                                     0x20000004   Data           4  main.o(.data)
    Yaw                                      0x20000008   Data           4  main.o(.data)
    q0                                       0x2000000c   Data           4  inv_mpu.o(.data)
    q1                                       0x20000010   Data           4  inv_mpu.o(.data)
    q2                                       0x20000014   Data           4  inv_mpu.o(.data)
    q3                                       0x20000018   Data           4  inv_mpu.o(.data)
    show_tab                                 0x2000001c   Data          11  inv_mpu.o(.data)
    temp                                     0x20000028   Data           4  inv_mpu.o(.data)
    sensor_timestamp                         0x2000002c   Data           4  inv_mpu.o(.data)
    _gyro                                    0x20000030   Data           6  inv_mpu.o(.data)
    _accel                                   0x20000036   Data           6  inv_mpu.o(.data)
    _sensors                                 0x2000003c   Data           2  inv_mpu.o(.data)
    _more                                    0x2000003e   Data           1  inv_mpu.o(.data)
    rx_new                                   0x2000003f   Data           1  inv_mpu.o(.data)
    quat                                     0x20000098   Data          16  inv_mpu.o(.bss)
    __libspace_start                         0x200000c8   Data          96  libspace.o(.bss)
    __temporary_stack_top$libspace           0x20000128   Data           0  libspace.o(.bss)



==============================================================================

Memory Map of the image

  Image Entry point : 0x08000131

  Load Region LR_IROM1 (Base: 0x08000000, Size: 0x00005e60, Max: 0x00040000, ABSOLUTE)

    Execution Region ER_IROM1 (Base: 0x08000000, Size: 0x00005dc8, Max: 0x00040000, ABSOLUTE)

    Base Addr    Size         Type   Attr      Idx    E Section Name        Object

    0x08000000   0x00000130   Data   RO         2349    RESET               startup_stm32f10x_hd.o
    0x08000130   0x00000008   Code   RO         2364  * !!!main             c_w.l(__main.o)
    0x08000138   0x00000034   Code   RO         2663    !!!scatter          c_w.l(__scatter.o)
    0x0800016c   0x0000001a   Code   RO         2665    !!handler_copy      c_w.l(__scatter_copy.o)
    0x08000186   0x00000002   PAD
    0x08000188   0x0000001c   Code   RO         2667    !!handler_zi        c_w.l(__scatter_zi.o)
    0x080001a4   0x00000002   Code   RO         2527    .ARM.Collect$$libinit$$00000000  c_w.l(libinit.o)
    0x080001a6   0x00000000   Code   RO         2539    .ARM.Collect$$libinit$$00000002  c_w.l(libinit2.o)
    0x080001a6   0x00000000   Code   RO         2541    .ARM.Collect$$libinit$$00000004  c_w.l(libinit2.o)
    0x080001a6   0x00000000   Code   RO         2544    .ARM.Collect$$libinit$$0000000A  c_w.l(libinit2.o)
    0x080001a6   0x00000000   Code   RO         2546    .ARM.Collect$$libinit$$0000000C  c_w.l(libinit2.o)
    0x080001a6   0x00000000   Code   RO         2548    .ARM.Collect$$libinit$$0000000E  c_w.l(libinit2.o)
    0x080001a6   0x00000000   Code   RO         2551    .ARM.Collect$$libinit$$00000011  c_w.l(libinit2.o)
    0x080001a6   0x00000000   Code   RO         2553    .ARM.Collect$$libinit$$00000013  c_w.l(libinit2.o)
    0x080001a6   0x00000000   Code   RO         2555    .ARM.Collect$$libinit$$00000015  c_w.l(libinit2.o)
    0x080001a6   0x00000000   Code   RO         2557    .ARM.Collect$$libinit$$00000017  c_w.l(libinit2.o)
    0x080001a6   0x00000000   Code   RO         2559    .ARM.Collect$$libinit$$00000019  c_w.l(libinit2.o)
    0x080001a6   0x00000000   Code   RO         2561    .ARM.Collect$$libinit$$0000001B  c_w.l(libinit2.o)
    0x080001a6   0x00000000   Code   RO         2563    .ARM.Collect$$libinit$$0000001D  c_w.l(libinit2.o)
    0x080001a6   0x00000000   Code   RO         2565    .ARM.Collect$$libinit$$0000001F  c_w.l(libinit2.o)
    0x080001a6   0x00000000   Code   RO         2567    .ARM.Collect$$libinit$$00000021  c_w.l(libinit2.o)
    0x080001a6   0x00000000   Code   RO         2569    .ARM.Collect$$libinit$$00000023  c_w.l(libinit2.o)
    0x080001a6   0x00000000   Code   RO         2571    .ARM.Collect$$libinit$$00000025  c_w.l(libinit2.o)
    0x080001a6   0x00000000   Code   RO         2575    .ARM.Collect$$libinit$$0000002C  c_w.l(libinit2.o)
    0x080001a6   0x00000000   Code   RO         2577    .ARM.Collect$$libinit$$0000002E  c_w.l(libinit2.o)
    0x080001a6   0x00000000   Code   RO         2579    .ARM.Collect$$libinit$$00000030  c_w.l(libinit2.o)
    0x080001a6   0x00000000   Code   RO         2581    .ARM.Collect$$libinit$$00000032  c_w.l(libinit2.o)
    0x080001a6   0x00000002   Code   RO         2582    .ARM.Collect$$libinit$$00000033  c_w.l(libinit2.o)
    0x080001a8   0x00000002   Code   RO         2614    .ARM.Collect$$libshutdown$$00000000  c_w.l(libshutdown.o)
    0x080001aa   0x00000000   Code   RO         2632    .ARM.Collect$$libshutdown$$00000003  c_w.l(libshutdown2.o)
    0x080001aa   0x00000000   Code   RO         2635    .ARM.Collect$$libshutdown$$00000006  c_w.l(libshutdown2.o)
    0x080001aa   0x00000000   Code   RO         2638    .ARM.Collect$$libshutdown$$00000009  c_w.l(libshutdown2.o)
    0x080001aa   0x00000000   Code   RO         2640    .ARM.Collect$$libshutdown$$0000000B  c_w.l(libshutdown2.o)
    0x080001aa   0x00000000   Code   RO         2643    .ARM.Collect$$libshutdown$$0000000E  c_w.l(libshutdown2.o)
    0x080001aa   0x00000002   Code   RO         2644    .ARM.Collect$$libshutdown$$0000000F  c_w.l(libshutdown2.o)
    0x080001ac   0x00000000   Code   RO         2416    .ARM.Collect$$rtentry$$00000000  c_w.l(__rtentry.o)
    0x080001ac   0x00000000   Code   RO         2482    .ARM.Collect$$rtentry$$00000002  c_w.l(__rtentry2.o)
    0x080001ac   0x00000006   Code   RO         2494    .ARM.Collect$$rtentry$$00000004  c_w.l(__rtentry4.o)
    0x080001b2   0x00000000   Code   RO         2484    .ARM.Collect$$rtentry$$00000009  c_w.l(__rtentry2.o)
    0x080001b2   0x00000004   Code   RO         2485    .ARM.Collect$$rtentry$$0000000A  c_w.l(__rtentry2.o)
    0x080001b6   0x00000000   Code   RO         2487    .ARM.Collect$$rtentry$$0000000C  c_w.l(__rtentry2.o)
    0x080001b6   0x00000008   Code   RO         2488    .ARM.Collect$$rtentry$$0000000D  c_w.l(__rtentry2.o)
    0x080001be   0x00000002   Code   RO         2532    .ARM.Collect$$rtexit$$00000000  c_w.l(rtexit.o)
    0x080001c0   0x00000000   Code   RO         2586    .ARM.Collect$$rtexit$$00000002  c_w.l(rtexit2.o)
    0x080001c0   0x00000004   Code   RO         2587    .ARM.Collect$$rtexit$$00000003  c_w.l(rtexit2.o)
    0x080001c4   0x00000006   Code   RO         2588    .ARM.Collect$$rtexit$$00000004  c_w.l(rtexit2.o)
    0x080001ca   0x00000002   PAD
    0x080001cc   0x00000040   Code   RO         2350    .text               startup_stm32f10x_hd.o
    0x0800020c   0x00000048   Code   RO         2356    .text               c_w.l(llsdiv.o)
    0x08000254   0x00000058   Code   RO         2358    .text               c_w.l(memcmp.o)
    0x080002ac   0x00000010   Code   RO         2360    .text               c_w.l(aeabi_memset.o)
    0x080002bc   0x00000006   Code   RO         2362    .text               c_w.l(heapauxi.o)
    0x080002c2   0x000000ee   Code   RO         2417    .text               c_w.l(lludivv7m.o)
    0x080003b0   0x00000016   Code   RO         2419    .text               c_w.l(_rserrno.o)
    0x080003c6   0x00000044   Code   RO         2421    .text               c_w.l(rt_memclr.o)
    0x0800040a   0x00000002   PAD
    0x0800040c   0x00000008   Code   RO         2503    .text               c_w.l(rt_errno_addr_intlibspace.o)
    0x08000414   0x0000004e   Code   RO         2505    .text               c_w.l(rt_memclr_w.o)
    0x08000462   0x00000002   PAD
    0x08000464   0x00000008   Code   RO         2513    .text               c_w.l(libspace.o)
    0x0800046c   0x0000004a   Code   RO         2516    .text               c_w.l(sys_stackheap_outer.o)
    0x080004b6   0x0000000c   Code   RO         2520    .text               c_w.l(exit.o)
    0x080004c2   0x00000002   PAD
    0x080004c4   0x0000000c   Code   RO         2602    .text               c_w.l(sys_exit.o)
    0x080004d0   0x00000002   Code   RO         2619    .text               c_w.l(use_no_semi.o)
    0x080004d2   0x00000000   Code   RO         2621    .text               c_w.l(indicate_semi.o)
    0x080004d2   0x00000004   Code   RO          115    i.BusFault_Handler  stm32f10x_it.o
    0x080004d6   0x00000002   Code   RO          116    i.DebugMon_Handler  stm32f10x_it.o
    0x080004d8   0x00000116   Code   RO         1122    i.GPIO_Init         stm32f10x_gpio.o
    0x080005ee   0x00000004   Code   RO         1129    i.GPIO_ResetBits    stm32f10x_gpio.o
    0x080005f2   0x00000004   Code   RO         1130    i.GPIO_SetBits      stm32f10x_gpio.o
    0x080005f6   0x00000004   Code   RO          117    i.HardFault_Handler  stm32f10x_it.o
    0x080005fa   0x00000002   PAD
    0x080005fc   0x00000038   Code   RO            1    i.LED_Config        main.o
    0x08000634   0x00000044   Code   RO          341    i.MPU6500_Read_MultiBytes  drv_spi.o
    0x08000678   0x00000040   Code   RO          342    i.MPU6500_Write_MultiBytes  drv_spi.o
    0x080006b8   0x00000004   Code   RO          118    i.MemManage_Handler  stm32f10x_it.o
    0x080006bc   0x00000002   Code   RO          119    i.NMI_Handler       stm32f10x_it.o
    0x080006be   0x00000002   Code   RO          120    i.PendSV_Handler    stm32f10x_it.o
    0x080006c0   0x00000018   Code   RO          179    i.PrintChar         usart.o
    0x080006d8   0x00000020   Code   RO         1232    i.RCC_APB1PeriphClockCmd  stm32f10x_rcc.o
    0x080006f8   0x00000020   Code   RO         1234    i.RCC_APB2PeriphClockCmd  stm32f10x_rcc.o
    0x08000718   0x000000d4   Code   RO         1242    i.RCC_GetClocksFreq  stm32f10x_rcc.o
    0x080007ec   0x000000a8   Code   RO          343    i.SPI1_Init         drv_spi.o
    0x08000894   0x00000054   Code   RO          344    i.SPI1_Read_Write_Byte  drv_spi.o
    0x080008e8   0x00000018   Code   RO         2163    i.SPI_Cmd           stm32f10x_spi.o
    0x08000900   0x00000012   Code   RO         2171    i.SPI_I2S_GetFlagStatus  stm32f10x_spi.o
    0x08000912   0x00000006   Code   RO         2174    i.SPI_I2S_ReceiveData  stm32f10x_spi.o
    0x08000918   0x00000004   Code   RO         2175    i.SPI_I2S_SendData  stm32f10x_spi.o
    0x0800091c   0x0000003c   Code   RO         2176    i.SPI_Init          stm32f10x_spi.o
    0x08000958   0x00000002   Code   RO          121    i.SVC_Handler       stm32f10x_it.o
    0x0800095a   0x00000008   Code   RO         2313    i.SetSysClock       system_stm32f10x.o
    0x08000962   0x00000002   PAD
    0x08000964   0x000000e0   Code   RO         2314    i.SetSysClockTo72   system_stm32f10x.o
    0x08000a44   0x00000002   Code   RO          122    i.SysTick_Handler   stm32f10x_it.o
    0x08000a46   0x00000002   PAD
    0x08000a48   0x00000060   Code   RO         2316    i.SystemInit        system_stm32f10x.o
    0x08000aa8   0x00000098   Code   RO          182    i.USART2_Config     usart.o
    0x08000b40   0x00000012   Code   RO         1978    i.USART_ClearFlag   stm32f10x_usart.o
    0x08000b52   0x00000018   Code   RO         1982    i.USART_Cmd         stm32f10x_usart.o
    0x08000b6a   0x0000001a   Code   RO         1985    i.USART_GetFlagStatus  stm32f10x_usart.o
    0x08000b84   0x0000004a   Code   RO         1988    i.USART_ITConfig    stm32f10x_usart.o
    0x08000bce   0x00000002   PAD
    0x08000bd0   0x000000d8   Code   RO         1989    i.USART_Init        stm32f10x_usart.o
    0x08000ca8   0x00000008   Code   RO         1999    i.USART_SendData    stm32f10x_usart.o
    0x08000cb0   0x00000004   Code   RO          123    i.UsageFault_Handler  stm32f10x_it.o
    0x08000cb4   0x00000020   Code   RO          183    i.UsartSend         usart.o
    0x08000cd4   0x00000028   Code   RO         2468    i.__ARM_fpclassify  m_ws.l(fpclassify.o)
    0x08000cfc   0x000000aa   Code   RO         2470    i.__kernel_poly     m_ws.l(poly.o)
    0x08000da6   0x00000006   Code   RO         2455    i.__mathlib_dbl_infnan  m_ws.l(dunder.o)
    0x08000dac   0x00000004   Code   RO         2456    i.__mathlib_dbl_infnan2  m_ws.l(dunder.o)
    0x08000db0   0x0000000c   Code   RO         2457    i.__mathlib_dbl_invalid  m_ws.l(dunder.o)
    0x08000dbc   0x00000010   Code   RO         2460    i.__mathlib_dbl_underflow  m_ws.l(dunder.o)
    0x08000dcc   0x00000270   Code   RO         2399    i.asin              m_ws.l(asin.o)
    0x0800103c   0x00000220   Code   RO         2445    i.atan              m_ws.l(atan.o)
    0x0800125c   0x00000180   Code   RO         2409    i.atan2             m_ws.l(atan2.o)
    0x080013dc   0x00000064   Code   RO          670    i.decode_gesture    inv_mpu_dmp_motion_driver.o
    0x08001440   0x00000018   Code   RO           92    i.delay_ms          delay.o
    0x08001458   0x0000001a   Code   RO           93    i.delay_us          delay.o
    0x08001472   0x0000003c   Code   RO          671    i.dmp_enable_6x_lp_quat  inv_mpu_dmp_motion_driver.o
    0x080014ae   0x00000002   PAD
    0x080014b0   0x0000021c   Code   RO          672    i.dmp_enable_feature  inv_mpu_dmp_motion_driver.o
    0x080016cc   0x00000058   Code   RO          673    i.dmp_enable_gyro_cal  inv_mpu_dmp_motion_driver.o
    0x08001724   0x0000003c   Code   RO          674    i.dmp_enable_lp_quat  inv_mpu_dmp_motion_driver.o
    0x08001760   0x00000270   Code   RO          374    i.dmp_get_angle     inv_mpu.o
    0x080019d0   0x00000018   Code   RO          679    i.dmp_load_motion_driver_firmware  inv_mpu_dmp_motion_driver.o
    0x080019e8   0x000001cc   Code   RO          680    i.dmp_read_fifo     inv_mpu_dmp_motion_driver.o
    0x08001bb4   0x00000130   Code   RO          683    i.dmp_set_accel_bias  inv_mpu_dmp_motion_driver.o
    0x08001ce4   0x00000070   Code   RO          684    i.dmp_set_fifo_rate  inv_mpu_dmp_motion_driver.o
    0x08001d54   0x00000130   Code   RO          685    i.dmp_set_gyro_bias  inv_mpu_dmp_motion_driver.o
    0x08001e84   0x00000138   Code   RO          687    i.dmp_set_orientation  inv_mpu_dmp_motion_driver.o
    0x08001fbc   0x00000038   Code   RO          690    i.dmp_set_shake_reject_thresh  inv_mpu_dmp_motion_driver.o
    0x08001ff4   0x00000026   Code   RO          691    i.dmp_set_shake_reject_time  inv_mpu_dmp_motion_driver.o
    0x0800201a   0x00000026   Code   RO          692    i.dmp_set_shake_reject_timeout  inv_mpu_dmp_motion_driver.o
    0x08002040   0x00000046   Code   RO          693    i.dmp_set_tap_axes  inv_mpu_dmp_motion_driver.o
    0x08002086   0x00000026   Code   RO          694    i.dmp_set_tap_count  inv_mpu_dmp_motion_driver.o
    0x080020ac   0x000001a0   Code   RO          695    i.dmp_set_tap_thresh  inv_mpu_dmp_motion_driver.o
    0x0800224c   0x00000026   Code   RO          696    i.dmp_set_tap_time  inv_mpu_dmp_motion_driver.o
    0x08002272   0x00000026   Code   RO          697    i.dmp_set_tap_time_multi  inv_mpu_dmp_motion_driver.o
    0x08002298   0x00000002   Code   RO          228    i.get_ms            time.o
    0x0800229a   0x00000002   PAD
    0x0800229c   0x00000470   Code   RO          375    i.get_st_biases     inv_mpu.o
    0x0800270c   0x00000028   Code   RO          376    i.inv_orientation_matrix_to_scalar  inv_mpu.o
    0x08002734   0x0000004e   Code   RO          377    i.inv_row_2_scale   inv_mpu.o
    0x08002782   0x00000002   PAD
    0x08002784   0x00000070   Code   RO            2    i.main              main.o
    0x080027f4   0x00000070   Code   RO          378    i.mpu_configure_fifo  inv_mpu.o
    0x08002864   0x000003a4   Code   RO          379    i.mpu_dmp_init      inv_mpu.o
    0x08002c08   0x0000004c   Code   RO          380    i.mpu_get_accel_fsr  inv_mpu.o
    0x08002c54   0x00000054   Code   RO          382    i.mpu_get_accel_sens  inv_mpu.o
    0x08002ca8   0x00000010   Code   RO          387    i.mpu_get_fifo_config  inv_mpu.o
    0x08002cb8   0x00000044   Code   RO          388    i.mpu_get_gyro_fsr  inv_mpu.o
    0x08002cfc   0x00000050   Code   RO          390    i.mpu_get_gyro_sens  inv_mpu.o
    0x08002d4c   0x00000050   Code   RO          392    i.mpu_get_lpf       inv_mpu.o
    0x08002d9c   0x00000020   Code   RO          394    i.mpu_get_sample_rate  inv_mpu.o
    0x08002dbc   0x00000124   Code   RO          396    i.mpu_init          inv_mpu.o
    0x08002ee0   0x000000b8   Code   RO          397    i.mpu_load_firmware  inv_mpu.o
    0x08002f98   0x0000011c   Code   RO          398    i.mpu_lp_accel_mode  inv_mpu.o
    0x080030b4   0x000000c0   Code   RO          401    i.mpu_read_fifo_stream  inv_mpu.o
    0x08003174   0x00000080   Code   RO          402    i.mpu_read_mem      inv_mpu.o
    0x080031f4   0x000001c8   Code   RO          405    i.mpu_reset_fifo    inv_mpu.o
    0x080033bc   0x000000ac   Code   RO          406    i.mpu_run_self_test  inv_mpu.o
    0x08003468   0x00000084   Code   RO          408    i.mpu_set_accel_fsr  inv_mpu.o
    0x080034ec   0x0000014c   Code   RO          409    i.mpu_set_bypass    inv_mpu.o
    0x08003638   0x00000060   Code   RO          410    i.mpu_set_compass_sample_rate  inv_mpu.o
    0x08003698   0x00000090   Code   RO          411    i.mpu_set_dmp_state  inv_mpu.o
    0x08003728   0x00000088   Code   RO          412    i.mpu_set_gyro_fsr  inv_mpu.o
    0x080037b0   0x0000006c   Code   RO          413    i.mpu_set_int_latched  inv_mpu.o
    0x0800381c   0x00000084   Code   RO          415    i.mpu_set_lpf       inv_mpu.o
    0x080038a0   0x000000b4   Code   RO          416    i.mpu_set_sample_rate  inv_mpu.o
    0x08003954   0x00000168   Code   RO          417    i.mpu_set_sensors   inv_mpu.o
    0x08003abc   0x00000080   Code   RO          418    i.mpu_write_mem     inv_mpu.o
    0x08003b3c   0x000000e4   Code   RO          419    i.run_self_test     inv_mpu.o
    0x08003c20   0x00000090   Code   RO          420    i.set_int_enable    inv_mpu.o
    0x08003cb0   0x00000254   Code   RO          421    i.setup_compass     inv_mpu.o
    0x08003f04   0x0000004c   Code   RO         2474    i.sqrt              m_ws.l(sqrt.o)
    0x08003f50   0x00000062   Code   RO         2366    x$fpl$d2f           fz_ws.l(d2f.o)
    0x08003fb2   0x00000002   PAD
    0x08003fb4   0x00000150   Code   RO         2423    x$fpl$dadd          fz_ws.l(daddsub_clz.o)
    0x08004104   0x00000010   Code   RO         2507    x$fpl$dcheck1       fz_ws.l(dcheck1.o)
    0x08004114   0x000002b0   Code   RO         2430    x$fpl$ddiv          fz_ws.l(ddiv.o)
    0x080043c4   0x00000154   Code   RO         2368    x$fpl$dmul          fz_ws.l(dmul.o)
    0x08004518   0x0000009c   Code   RO         2433    x$fpl$dnaninf       fz_ws.l(dnaninf.o)
    0x080045b4   0x0000000c   Code   RO         2435    x$fpl$dretinf       fz_ws.l(dretinf.o)
    0x080045c0   0x00000016   Code   RO         2424    x$fpl$drsb          fz_ws.l(daddsub_clz.o)
    0x080045d6   0x00000002   PAD
    0x080045d8   0x000001cc   Code   RO         2511    x$fpl$dsqrt         fz_ws.l(dsqrt_noumaal.o)
    0x080047a4   0x000001d4   Code   RO         2425    x$fpl$dsub          fz_ws.l(daddsub_clz.o)
    0x08004978   0x00000056   Code   RO         2370    x$fpl$f2d           fz_ws.l(f2d.o)
    0x080049ce   0x00000002   PAD
    0x080049d0   0x000000c4   Code   RO         2372    x$fpl$fadd          fz_ws.l(faddsub_clz.o)
    0x08004a94   0x00000184   Code   RO         2379    x$fpl$fdiv          fz_ws.l(fdiv.o)
    0x08004c18   0x00000036   Code   RO         2382    x$fpl$ffix          fz_ws.l(ffix.o)
    0x08004c4e   0x00000002   PAD
    0x08004c50   0x0000003e   Code   RO         2386    x$fpl$ffixu         fz_ws.l(ffixu.o)
    0x08004c8e   0x00000002   PAD
    0x08004c90   0x00000030   Code   RO         2391    x$fpl$fflt          fz_ws.l(fflt_clz.o)
    0x08004cc0   0x00000026   Code   RO         2390    x$fpl$ffltu         fz_ws.l(fflt_clz.o)
    0x08004ce6   0x00000002   PAD
    0x08004ce8   0x00000102   Code   RO         2396    x$fpl$fmul          fz_ws.l(fmul.o)
    0x08004dea   0x0000008c   Code   RO         2437    x$fpl$fnaninf       fz_ws.l(fnaninf.o)
    0x08004e76   0x0000000a   Code   RO         2439    x$fpl$fretinf       fz_ws.l(fretinf.o)
    0x08004e80   0x000000ea   Code   RO         2374    x$fpl$fsub          fz_ws.l(faddsub_clz.o)
    0x08004f6a   0x00000064   Code   RO         2530    x$fpl$retnan        fz_ws.l(retnan.o)
    0x08004fce   0x0000005c   Code   RO         2441    x$fpl$scalbn        fz_ws.l(scalbn.o)
    0x0800502a   0x00000030   Code   RO         2583    x$fpl$trapveneer    fz_ws.l(trapv.o)
    0x0800505a   0x00000000   Code   RO         2443    x$fpl$usenofp       fz_ws.l(usenofp.o)
    0x0800505a   0x00000002   PAD
    0x0800505c   0x00000060   Data   RO          423    .constdata          inv_mpu.o
    0x080050bc   0x00000bf6   Data   RO          699    .constdata          inv_mpu_dmp_motion_driver.o
    0x08005cb2   0x00000006   PAD
    0x08005cb8   0x00000050   Data   RO         2400    .constdata          m_ws.l(asin.o)
    0x08005d08   0x00000098   Data   RO         2446    .constdata          m_ws.l(atan.o)
    0x08005da0   0x00000008   Data   RO         2472    .constdata          m_ws.l(qnan.o)
    0x08005da8   0x00000020   Data   RO         2661    Region$$Table       anon$$obj.o


    Execution Region RW_IRAM1 (Base: 0x20000000, Size: 0x00000728, Max: 0x0000c000, ABSOLUTE)

    Base Addr    Size         Type   Attr      Idx    E Section Name        Object

    0x20000000   0x0000000c   Data   RW            3    .data               main.o
    0x2000000c   0x00000078   Data   RW          424    .data               inv_mpu.o
    0x20000084   0x00000014   Data   RW         1262    .data               stm32f10x_rcc.o
    0x20000098   0x0000001e   Zero   RW          422    .bss                inv_mpu.o
    0x200000b6   0x00000002   PAD
    0x200000b8   0x00000010   Zero   RW          698    .bss                inv_mpu_dmp_motion_driver.o
    0x200000c8   0x00000060   Zero   RW         2514    .bss                c_w.l(libspace.o)
    0x20000128   0x00000200   Zero   RW         2348    HEAP                startup_stm32f10x_hd.o
    0x20000328   0x00000400   Zero   RW         2347    STACK               startup_stm32f10x_hd.o


==============================================================================

Image component sizes


      Code (inc. data)   RO Data    RW Data    ZI Data      Debug   Object Name

         0          0          0          0          0         32   core_cm3.o
        50          0          0          0          0        938   delay.o
       384         24          0          0          0       9928   drv_spi.o
      7782       1042         96        120         30      29883   inv_mpu.o
      3096        122       3062          0         16      19994   inv_mpu_dmp_motion_driver.o
       168         24          0         12          0     231933   main.o
        64         26        304          0       1536        820   startup_stm32f10x_hd.o
       286          0          0          0          0       2900   stm32f10x_gpio.o
        26          0          0          0          0       3830   stm32f10x_it.o
       276         32          0         20          0       4290   stm32f10x_rcc.o
       112          0          0          0          0       3626   stm32f10x_spi.o
       366          6          0          0          0       5167   stm32f10x_usart.o
       328         28          0          0          0       1869   system_stm32f10x.o
         2          0          0          0          0        445   time.o
       208         12          0          0          0       1572   usart.o

    ----------------------------------------------------------------------
     13162       1316       3500        152       1584     317227   Object Totals
         0          0         32          0          0          0   (incl. Generated)
        14          0          6          0          2          0   (incl. Padding)

    ----------------------------------------------------------------------

      Code (inc. data)   RO Data    RW Data    ZI Data      Debug   Library Member Name

         8          0          0          0          0         68   __main.o
         0          0          0          0          0          0   __rtentry.o
        12          0          0          0          0          0   __rtentry2.o
         6          0          0          0          0          0   __rtentry4.o
        52          8          0          0          0          0   __scatter.o
        26          0          0          0          0          0   __scatter_copy.o
        28          0          0          0          0          0   __scatter_zi.o
        22          0          0          0          0        100   _rserrno.o
        16          0          0          0          0         68   aeabi_memset.o
        12          0          0          0          0         72   exit.o
         6          0          0          0          0        152   heapauxi.o
         0          0          0          0          0          0   indicate_semi.o
         2          0          0          0          0          0   libinit.o
         2          0          0          0          0          0   libinit2.o
         2          0          0          0          0          0   libshutdown.o
         2          0          0          0          0          0   libshutdown2.o
         8          4          0          0         96         68   libspace.o
        72          0          0          0          0         76   llsdiv.o
       238          0          0          0          0        100   lludivv7m.o
        88          0          0          0          0         76   memcmp.o
         8          4          0          0          0         68   rt_errno_addr_intlibspace.o
        68          0          0          0          0         68   rt_memclr.o
        78          0          0          0          0         80   rt_memclr_w.o
         2          0          0          0          0          0   rtexit.o
        10          0          0          0          0          0   rtexit2.o
        12          4          0          0          0         68   sys_exit.o
        74          0          0          0          0         80   sys_stackheap_outer.o
         2          0          0          0          0         68   use_no_semi.o
        98          4          0          0          0         92   d2f.o
       826         16          0          0          0        348   daddsub_clz.o
        16          4          0          0          0         68   dcheck1.o
       688        140          0          0          0        208   ddiv.o
       340         12          0          0          0        104   dmul.o
       156          4          0          0          0         92   dnaninf.o
        12          0          0          0          0         68   dretinf.o
       460         56          0          0          0        120   dsqrt_noumaal.o
        86          4          0          0          0         84   f2d.o
       430          8          0          0          0        168   faddsub_clz.o
       388         76          0          0          0         96   fdiv.o
        54          4          0          0          0         84   ffix.o
        62          4          0          0          0         84   ffixu.o
        86          0          0          0          0        136   fflt_clz.o
       258          4          0          0          0         84   fmul.o
       140          4          0          0          0         84   fnaninf.o
        10          0          0          0          0         68   fretinf.o
       100          0          0          0          0         68   retnan.o
        92          0          0          0          0         68   scalbn.o
        48          0          0          0          0         68   trapv.o
         0          0          0          0          0          0   usenofp.o
       624         52         80          0          0        168   asin.o
       544         70        152          0          0        124   atan.o
       384         38          0          0          0        144   atan2.o
        38          6          0          0          0        272   dunder.o
        40          0          0          0          0         68   fpclassify.o
       170          0          0          0          0         96   poly.o
         0          0          8          0          0          0   qnan.o
        76          0          0          0          0         84   sqrt.o

    ----------------------------------------------------------------------
      7106        526        240          0         96       4360   Library Totals
        24          0          0          0          0          0   (incl. Padding)

    ----------------------------------------------------------------------

      Code (inc. data)   RO Data    RW Data    ZI Data      Debug   Library Name

       856         20          0          0         96       1212   c_w.l
      4350        340          0          0          0       2192   fz_ws.l
      1876        166        240          0          0        956   m_ws.l

    ----------------------------------------------------------------------
      7106        526        240          0         96       4360   Library Totals

    ----------------------------------------------------------------------

==============================================================================


      Code (inc. data)   RO Data    RW Data    ZI Data      Debug   

     20268       1842       3740        152       1680     314667   Grand Totals
     20268       1842       3740        152       1680     314667   ELF Image Totals
     20268       1842       3740        152          0          0   ROM Totals

==============================================================================

    Total RO  Size (Code + RO Data)                24008 (  23.45kB)
    Total RW  Size (RW Data + ZI Data)              1832 (   1.79kB)
    Total ROM Size (Code + RO Data + RW Data)      24160 (  23.59kB)

==============================================================================

