<html>
<body>
<pre>
<h1>µVision Build Log</h1>
<h2>Tool Versions:</h2>
IDE-Version: ¦ÌVision V5.13.0.0
Copyright (C) 2014 ARM Ltd and ARM Germany GmbH. All rights reserved.
License Information: BILL Microsoft, Microsoft, LIC=FYKNN-YSD7B-RXTUD-8X4QU-ZIPFL-HM5CU
 
Tool Versions:
Toolchain:       MDK-ARM Standard  Version: 5.13.0.0
Toolchain Path:  D:\Keil_v5\ARM\ARMCC\Bin
C Compiler:      Armcc.exe V5.05 update 1 (build 106)
Assembler:       Armasm.exe V5.05 update 1 (build 106)
Linker/Locator:  ArmLink.exe V5.05 update 1 (build 106)
Library Manager: ArmAr.exe V5.05 update 1 (build 106)
Hex Converter:   FromElf.exe V5.05 update 1 (build 106)
CPU DLL:         SARMCM3.DLL V5.13.0.0
Dialog DLL:      DCM.DLL V1.13.1.0
Target DLL:      Segger\JL2CM3.dll V2.99.11.0
Dialog DLL:      TCM.DLL V1.14.4.0
 
<h2>Project:</h2>
E:\zzpProject\STM32_MPU9250_DMP\STM32_MPU9250_DMP -v1\Project\MPU9250DMP.uvprojx
Project File Date:  11/30/2016

<h2>Output:</h2>
Rebuild target 'Target 1'
compiling main.c...
compiling delay.c...
compiling stm32f10x_it.c...
compiling usart.c...
compiling Time.c...
compiling stm32_iic.c...
compiling drv_spi.c...
..\User\drv_spi.c(107): warning:  #550-D: variable "status" was set but never used
    uint8_t status;
..\User\drv_spi.c(126): warning:  #550-D: variable "status" was set but never used
    uint8_t status,i;
..\User\drv_spi.c: 2 warnings, 0 errors
compiling inv_mpu.c...
..\User\eMPL\inv_mpu.c(1062): warning:  #177-D: variable "rev" was declared but never referenced
      unsigned char data[6],rev;
..\User\eMPL\inv_mpu.c: 1 warning, 0 errors
compiling inv_mpu_dmp_motion_driver.c...
compiling misc.c...
compiling stm32f10x_exti.c...
compiling stm32f10x_flash.c...
compiling stm32f10x_gpio.c...
compiling stm32f10x_rcc.c...
compiling stm32f10x_tim.c...
compiling stm32f10x_usart.c...
compiling stm32f10x_spi.c...
compiling core_cm3.c...
compiling system_stm32f10x.c...
assembling startup_stm32f10x_hd.s...
linking...
Program Size: Code=20268 RO-data=3740 RW-data=152 ZI-data=1680  
".\Objects\MPU9250DMP.axf" - 0 Error(s), 3 Warning(s).

<h2>Collection of Component include folders:</h2>
  E:\zzpProject\STM32_MPU9250_DMP\STM32_MPU9250_DMP -v1\Project\RTE
  D:\Keil_v5\ARM\PACK\Keil\STM32F1xx_DFP\2.1.0

<h2>Collection of Component Files used:</h2>
</pre>
</body>
</html>
